../Core/Src/main.c:110:5:main	6
../Core/Src/main.c:183:6:SystemClock_Config	4
../Core/Src/main.c:243:13:MX_ETH_Init	2
../Core/Src/main.c:292:13:MX_SAI1_Init	3
../Core/Src/main.c:340:13:MX_SAI4_Init	2
../Core/Src/main.c:373:13:MX_SPI4_Init	2
../Core/Src/main.c:421:13:MX_USART3_UART_Init	5
../Core/Src/main.c:469:13:MX_USB_OTG_HS_PCD_Init	2
../Core/Src/main.c:505:6:MX_USB_OTG_HS_HCD_Init	2
../Core/Src/main.c:535:13:MX_BDMA_Init	1
../Core/Src/main.c:551:13:MX_DMA_Init	1
../Core/Src/main.c:572:13:MX_GPIO_Init	1
../Core/Src/main.c:650:5:__io_putchar	1
../Core/Src/main.c:659:6:MPU_Config	1
../Core/Src/main.c:702:6:HAL_TIM_PeriodElapsedCallback	2
../Core/Src/main.c:720:6:Error_Handler	1
