../Core/Src/main.c:109:5:main	6
../Core/Src/main.c:182:6:SystemClock_Config	4
../Core/Src/main.c:242:13:MX_ETH_Init	2
../Core/Src/main.c:291:13:MX_SAI1_Init	3
../Core/Src/main.c:339:13:MX_SAI4_Init	2
../Core/Src/main.c:372:13:MX_SPI4_Init	2
../Core/Src/main.c:420:13:MX_USART3_UART_Init	5
../Core/Src/main.c:468:13:MX_USB_OTG_HS_PCD_Init	2
../Core/Src/main.c:504:6:MX_USB_OTG_HS_HCD_Init	2
../Core/Src/main.c:534:13:MX_BDMA_Init	1
../Core/Src/main.c:550:13:MX_DMA_Init	1
../Core/Src/main.c:571:13:MX_GPIO_Init	1
../Core/Src/main.c:649:5:__io_putchar	1
../Core/Src/main.c:658:6:MPU_Config	1
../Core/Src/main.c:701:6:HAL_TIM_PeriodElapsedCallback	2
../Core/Src/main.c:719:6:Error_Handler	1
