../Core/Src/main.c:110:5:main	24	static,ignoring_inline_asm
../Core/Src/main.c:183:6:SystemClock_Config	120	static
../Core/Src/main.c:243:13:MX_ETH_Init	8	static
../Core/Src/main.c:292:13:MX_SAI1_Init	8	static
../Core/Src/main.c:340:13:MX_SAI4_Init	8	static
../Core/Src/main.c:385:13:MX_SPI4_Init	8	static
../Core/Src/main.c:433:13:MX_USART3_UART_Init	8	static
../Core/Src/main.c:481:13:MX_USB_OTG_HS_PCD_Init	8	static
../Core/Src/main.c:517:6:MX_USB_OTG_HS_HCD_Init	8	static
../Core/Src/main.c:547:13:MX_BDMA_Init	16	static
../Core/Src/main.c:566:13:MX_DMA_Init	16	static
../Core/Src/main.c:587:13:MX_GPIO_Init	64	static
../Core/Src/main.c:668:6:MPU_Config	24	static
../Core/Src/main.c:711:6:HAL_TIM_PeriodElapsedCallback	16	static
../Core/Src/main.c:729:6:Error_Handler	4	static,ignoring_inline_asm
