Archive member included to satisfy reference by file (symbol)

C:/ST/STM32CubeIDE_1.16.1/STM32CubeIDE/plugins/com.st.stm32cube.ide.mcu.externaltools.gnu-tools-for-stm32.12.3.rel1.win32_1.0.200.202406191623/tools/bin/../lib/gcc/arm-none-eabi/12.3.1/../../../../arm-none-eabi/lib/thumb/v7e-m+dp/hard\libc_nano.a(libc_a-exit.o)
                              C:/ST/STM32CubeIDE_1.16.1/STM32CubeIDE/plugins/com.st.stm32cube.ide.mcu.externaltools.gnu-tools-for-stm32.12.3.rel1.win32_1.0.200.202406191623/tools/bin/../lib/gcc/arm-none-eabi/12.3.1/../../../../arm-none-eabi/lib/thumb/v7e-m+dp/hard/crt0.o (exit)
C:/ST/STM32CubeIDE_1.16.1/STM32CubeIDE/plugins/com.st.stm32cube.ide.mcu.externaltools.gnu-tools-for-stm32.12.3.rel1.win32_1.0.200.202406191623/tools/bin/../lib/gcc/arm-none-eabi/12.3.1/../../../../arm-none-eabi/lib/thumb/v7e-m+dp/hard\libc_nano.a(libc_a-malloc.o)
                              ./Core/ThreadSafe/newlib_lock_glue.o (malloc)
C:/ST/STM32CubeIDE_1.16.1/STM32CubeIDE/plugins/com.st.stm32cube.ide.mcu.externaltools.gnu-tools-for-stm32.12.3.rel1.win32_1.0.200.202406191623/tools/bin/../lib/gcc/arm-none-eabi/12.3.1/../../../../arm-none-eabi/lib/thumb/v7e-m+dp/hard\libc_nano.a(libc_a-mallocr.o)
                              C:/ST/STM32CubeIDE_1.16.1/STM32CubeIDE/plugins/com.st.stm32cube.ide.mcu.externaltools.gnu-tools-for-stm32.12.3.rel1.win32_1.0.200.202406191623/tools/bin/../lib/gcc/arm-none-eabi/12.3.1/../../../../arm-none-eabi/lib/thumb/v7e-m+dp/hard\libc_nano.a(libc_a-malloc.o) (_malloc_r)
C:/ST/STM32CubeIDE_1.16.1/STM32CubeIDE/plugins/com.st.stm32cube.ide.mcu.externaltools.gnu-tools-for-stm32.12.3.rel1.win32_1.0.200.202406191623/tools/bin/../lib/gcc/arm-none-eabi/12.3.1/../../../../arm-none-eabi/lib/thumb/v7e-m+dp/hard\libc_nano.a(libc_a-mlock.o)
                              C:/ST/STM32CubeIDE_1.16.1/STM32CubeIDE/plugins/com.st.stm32cube.ide.mcu.externaltools.gnu-tools-for-stm32.12.3.rel1.win32_1.0.200.202406191623/tools/bin/../lib/gcc/arm-none-eabi/12.3.1/../../../../arm-none-eabi/lib/thumb/v7e-m+dp/hard\libc_nano.a(libc_a-mallocr.o) (__malloc_lock)
C:/ST/STM32CubeIDE_1.16.1/STM32CubeIDE/plugins/com.st.stm32cube.ide.mcu.externaltools.gnu-tools-for-stm32.12.3.rel1.win32_1.0.200.202406191623/tools/bin/../lib/gcc/arm-none-eabi/12.3.1/../../../../arm-none-eabi/lib/thumb/v7e-m+dp/hard\libc_nano.a(libc_a-findfp.o)
                              C:/ST/STM32CubeIDE_1.16.1/STM32CubeIDE/plugins/com.st.stm32cube.ide.mcu.externaltools.gnu-tools-for-stm32.12.3.rel1.win32_1.0.200.202406191623/tools/bin/../lib/gcc/arm-none-eabi/12.3.1/../../../../arm-none-eabi/lib/thumb/v7e-m+dp/hard\libc_nano.a(libc_a-exit.o) (__stdio_exit_handler)
C:/ST/STM32CubeIDE_1.16.1/STM32CubeIDE/plugins/com.st.stm32cube.ide.mcu.externaltools.gnu-tools-for-stm32.12.3.rel1.win32_1.0.200.202406191623/tools/bin/../lib/gcc/arm-none-eabi/12.3.1/../../../../arm-none-eabi/lib/thumb/v7e-m+dp/hard\libc_nano.a(libc_a-fwalk.o)
                              C:/ST/STM32CubeIDE_1.16.1/STM32CubeIDE/plugins/com.st.stm32cube.ide.mcu.externaltools.gnu-tools-for-stm32.12.3.rel1.win32_1.0.200.202406191623/tools/bin/../lib/gcc/arm-none-eabi/12.3.1/../../../../arm-none-eabi/lib/thumb/v7e-m+dp/hard\libc_nano.a(libc_a-findfp.o) (_fwalk_sglue)
C:/ST/STM32CubeIDE_1.16.1/STM32CubeIDE/plugins/com.st.stm32cube.ide.mcu.externaltools.gnu-tools-for-stm32.12.3.rel1.win32_1.0.200.202406191623/tools/bin/../lib/gcc/arm-none-eabi/12.3.1/../../../../arm-none-eabi/lib/thumb/v7e-m+dp/hard\libc_nano.a(libc_a-stdio.o)
                              C:/ST/STM32CubeIDE_1.16.1/STM32CubeIDE/plugins/com.st.stm32cube.ide.mcu.externaltools.gnu-tools-for-stm32.12.3.rel1.win32_1.0.200.202406191623/tools/bin/../lib/gcc/arm-none-eabi/12.3.1/../../../../arm-none-eabi/lib/thumb/v7e-m+dp/hard\libc_nano.a(libc_a-findfp.o) (__sread)
C:/ST/STM32CubeIDE_1.16.1/STM32CubeIDE/plugins/com.st.stm32cube.ide.mcu.externaltools.gnu-tools-for-stm32.12.3.rel1.win32_1.0.200.202406191623/tools/bin/../lib/gcc/arm-none-eabi/12.3.1/../../../../arm-none-eabi/lib/thumb/v7e-m+dp/hard\libc_nano.a(libc_a-memset.o)
                              C:/ST/STM32CubeIDE_1.16.1/STM32CubeIDE/plugins/com.st.stm32cube.ide.mcu.externaltools.gnu-tools-for-stm32.12.3.rel1.win32_1.0.200.202406191623/tools/bin/../lib/gcc/arm-none-eabi/12.3.1/../../../../arm-none-eabi/lib/thumb/v7e-m+dp/hard/crt0.o (memset)
C:/ST/STM32CubeIDE_1.16.1/STM32CubeIDE/plugins/com.st.stm32cube.ide.mcu.externaltools.gnu-tools-for-stm32.12.3.rel1.win32_1.0.200.202406191623/tools/bin/../lib/gcc/arm-none-eabi/12.3.1/../../../../arm-none-eabi/lib/thumb/v7e-m+dp/hard\libc_nano.a(libc_a-closer.o)
                              C:/ST/STM32CubeIDE_1.16.1/STM32CubeIDE/plugins/com.st.stm32cube.ide.mcu.externaltools.gnu-tools-for-stm32.12.3.rel1.win32_1.0.200.202406191623/tools/bin/../lib/gcc/arm-none-eabi/12.3.1/../../../../arm-none-eabi/lib/thumb/v7e-m+dp/hard\libc_nano.a(libc_a-stdio.o) (_close_r)
[...]
Memory Configuration

Name             Origin             Length             Attributes
ITCMRAM          0x00000000         0x00010000         xrw
DTCMRAM          0x20000000         0x00020000         xrw
FLASH            0x08000000         0x00100000         xr
RAM_D1           0x24000000         0x00050000         xrw
RAM_D2           0x30000000         0x00008000         xrw
RAM_D3           0x38000000         0x00004000         xrw
*default*        0x00000000         0xffffffff

Linker script and memory map

LOAD C:/ST/STM32CubeIDE_1.16.1/STM32CubeIDE/plugins/com.st.stm32cube.ide.mcu.externaltools.gnu-tools-for-stm32.12.3.rel1.win32_1.0.200.202406191623/tools/bin/../lib/gcc/arm-none-eabi/12.3.1/thumb/v7e-m+dp/hard/crti.o
LOAD C:/ST/STM32CubeIDE_1.16.1/STM32CubeIDE/plugins/com.st.stm32cube.ide.mcu.externaltools.gnu-tools-for-stm32.12.3.rel1.win32_1.0.200.202406191623/tools/bin/../lib/gcc/arm-none-eabi/12.3.1/thumb/v7e-m+dp/hard/crtbegin.o
LOAD C:/ST/STM32CubeIDE_1.16.1/STM32CubeIDE/plugins/com.st.stm32cube.ide.mcu.externaltools.gnu-tools-for-stm32.12.3.rel1.win32_1.0.200.202406191623/tools/bin/../lib/gcc/arm-none-eabi/12.3.1/../../../../arm-none-eabi/lib/thumb/v7e-m+dp/hard/crt0.o
LOAD ./Core/Src/main.o
LOAD ./Core/Src/stm32h7xx_hal_msp.o
LOAD ./Core/Src/stm32h7xx_hal_timebase_tim.o
LOAD ./Core/Src/stm32h7xx_it.o
LOAD ./Core/Src/syscalls.o
LOAD ./Core/Src/sysmem.o
LOAD ./Core/Src/system_stm32h7xx.o
LOAD ./Core/Startup/startup_stm32h723zgtx.o
LOAD ./Core/ThreadSafe/newlib_lock_glue.o
LOAD ./Core/sk9822.o
LOAD ./Drivers/STM32H7xx_HAL_Driver/Src/stm32h7xx_hal.o
LOAD ./Drivers/STM32H7xx_HAL_Driver/Src/stm32h7xx_hal_cortex.o
LOAD ./Drivers/STM32H7xx_HAL_Driver/Src/stm32h7xx_hal_dma.o
LOAD ./Drivers/STM32H7xx_HAL_Driver/Src/stm32h7xx_hal_dma_ex.o
LOAD ./Drivers/STM32H7xx_HAL_Driver/Src/stm32h7xx_hal_eth.o
LOAD ./Drivers/STM32H7xx_HAL_Driver/Src/stm32h7xx_hal_eth_ex.o
LOAD ./Drivers/STM32H7xx_HAL_Driver/Src/stm32h7xx_hal_exti.o
LOAD ./Drivers/STM32H7xx_HAL_Driver/Src/stm32h7xx_hal_flash.o
LOAD ./Drivers/STM32H7xx_HAL_Driver/Src/stm32h7xx_hal_flash_ex.o
LOAD ./Drivers/STM32H7xx_HAL_Driver/Src/stm32h7xx_hal_gpio.o
LOAD ./Drivers/STM32H7xx_HAL_Driver/Src/stm32h7xx_hal_hsem.o
LOAD ./Drivers/STM32H7xx_HAL_Driver/Src/stm32h7xx_hal_i2c.o
LOAD ./Drivers/STM32H7xx_HAL_Driver/Src/stm32h7xx_hal_i2c_ex.o
LOAD ./Drivers/STM32H7xx_HAL_Driver/Src/stm32h7xx_hal_i2s.o
LOAD ./Drivers/STM32H7xx_HAL_Driver/Src/stm32h7xx_hal_i2s_ex.o
LOAD ./Drivers/STM32H7xx_HAL_Driver/Src/stm32h7xx_hal_mdma.o
LOAD ./Drivers/STM32H7xx_HAL_Driver/Src/stm32h7xx_hal_pwr.o
LOAD ./Drivers/STM32H7xx_HAL_Driver/Src/stm32h7xx_hal_pwr_ex.o
LOAD ./Drivers/STM32H7xx_HAL_Driver/Src/stm32h7xx_hal_rcc.o
LOAD ./Drivers/STM32H7xx_HAL_Driver/Src/stm32h7xx_hal_rcc_ex.o
LOAD ./Drivers/STM32H7xx_HAL_Driver/Src/stm32h7xx_hal_spi.o
LOAD ./Drivers/STM32H7xx_HAL_Driver/Src/stm32h7xx_hal_spi_ex.o
LOAD ./Drivers/STM32H7xx_HAL_Driver/Src/stm32h7xx_hal_tim.o
LOAD ./Drivers/STM32H7xx_HAL_Driver/Src/stm32h7xx_hal_tim_ex.o
LOAD ./Drivers/STM32H7xx_HAL_Driver/Src/stm32h7xx_hal_uart.o
LOAD ./Drivers/STM32H7xx_HAL_Driver/Src/stm32h7xx_hal_uart_ex.o
START GROUP
LOAD C:/ST/STM32CubeIDE_1.16.1/STM32CubeIDE/plugins/com.st.stm32cube.ide.mcu.externaltools.gnu-tools-for-stm32.12.3.rel1.win32_1.0.200.202406191623/tools/bin/../lib/gcc/arm-none-eabi/12.3.1/../../../../arm-none-eabi/lib/thumb/v7e-m+dp/hard\libc_nano.a
LOAD C:/ST/STM32CubeIDE_1.16.1/STM32CubeIDE/plugins/com.st.stm32cube.ide.mcu.externaltools.gnu-tools-for-stm32.12.3.rel1.win32_1.0.200.202406191623/tools/bin/../lib/gcc/arm-none-eabi/12.3.1/../../../../arm-none-eabi/lib/thumb/v7e-m+dp/hard\libm.a
END GROUP
START GROUP
LOAD C:/ST/STM32CubeIDE_1.16.1/STM32CubeIDE/plugins/com.st.stm32cube.ide.mcu.externaltools.gnu-tools-for-stm32.12.3.rel1.win32_1.0.200.202406191623/tools/bin/../lib/gcc/arm-none-eabi/12.3.1/thumb/v7e-m+dp/hard\libgcc.a
LOAD C:/ST/STM32CubeIDE_1.16.1/STM32CubeIDE/plugins/com.st.stm32cube.ide.mcu.externaltools.gnu-tools-for-stm32.12.3.rel1.win32_1.0.200.202406191623/tools/bin/../lib/gcc/arm-none-eabi/12.3.1/../../../../arm-none-eabi/lib/thumb/v7e-m+dp/hard\libc_nano.a
END GROUP
START GROUP
LOAD C:/ST/STM32CubeIDE_1.16.1/STM32CubeIDE/plugins/com.st.stm32cube.ide.mcu.externaltools.gnu-tools-for-stm32.12.3.rel1.win32_1.0.200.202406191623/tools/bin/../lib/gcc/arm-none-eabi/12.3.1/thumb/v7e-m+dp/hard\libgcc.a
LOAD C:/ST/STM32CubeIDE_1.16.1/STM32CubeIDE/plugins/com.st.stm32cube.ide.mcu.externaltools.gnu-tools-for-stm32.12.3.rel1.win32_1.0.200.202406191623/tools/bin/../lib/gcc/arm-none-eabi/12.3.1/../../../../arm-none-eabi/lib/thumb/v7e-m+dp/hard\libc_nano.a
LOAD C:/ST/STM32CubeIDE_1.16.1/STM32CubeIDE/plugins/com.st.stm32cube.ide.mcu.externaltools.gnu-tools-for-stm32.12.3.rel1.win32_1.0.200.202406191623/tools/bin/../lib/gcc/arm-none-eabi/12.3.1/../../../../arm-none-eabi/lib/thumb/v7e-m+dp/hard\libnosys.a
END GROUP
START GROUP
LOAD C:/ST/STM32CubeIDE_1.16.1/STM32CubeIDE/plugins/com.st.stm32cube.ide.mcu.externaltools.gnu-tools-for-stm32.12.3.rel1.win32_1.0.200.202406191623/tools/bin/../lib/gcc/arm-none-eabi/12.3.1/thumb/v7e-m+dp/hard\libgcc.a
LOAD C:/ST/STM32CubeIDE_1.16.1/STM32CubeIDE/plugins/com.st.stm32cube.ide.mcu.externaltools.gnu-tools-for-stm32.12.3.rel1.win32_1.0.200.202406191623/tools/bin/../lib/gcc/arm-none-eabi/12.3.1/../../../../arm-none-eabi/lib/thumb/v7e-m+dp/hard\libc_nano.a
LOAD C:/ST/STM32CubeIDE_1.16.1/STM32CubeIDE/plugins/com.st.stm32cube.ide.mcu.externaltools.gnu-tools-for-stm32.12.3.rel1.win32_1.0.200.202406191623/tools/bin/../lib/gcc/arm-none-eabi/12.3.1/../../../../arm-none-eabi/lib/thumb/v7e-m+dp/hard\libnosys.a
END GROUP
LOAD C:/ST/STM32CubeIDE_1.16.1/STM32CubeIDE/plugins/com.st.stm32cube.ide.mcu.externaltools.gnu-tools-for-stm32.12.3.rel1.win32_1.0.200.202406191623/tools/bin/../lib/gcc/arm-none-eabi/12.3.1/thumb/v7e-m+dp/hard/crtend.o
LOAD C:/ST/STM32CubeIDE_1.16.1/STM32CubeIDE/plugins/com.st.stm32cube.ide.mcu.externaltools.gnu-tools-for-stm32.12.3.rel1.win32_1.0.200.202406191623/tools/bin/../lib/gcc/arm-none-eabi/12.3.1/thumb/v7e-m+dp/hard/crtn.o
                0x24050000                        _estack = (ORIGIN (RAM_D1) + LENGTH (RAM_D1))
                0x00000200                        _Min_Heap_Size = 0x200
                0x00000400                        _Min_Stack_Size = 0x400

.isr_vector     0x08000000      0x2cc
                0x08000000                        . = ALIGN (0x4)
 *(.isr_vector)
 .isr_vector    0x08000000      0x2cc ./Core/Startup/startup_stm32h723zgtx.o
                0x08000000                g_pfnVectors
                0x080002cc                        . = ALIGN (0x4)

.text           0x080002cc     0x9990
                0x080002cc                        . = ALIGN (0x4)
 *(.text)
 .text          0x080002cc       0x40 C:/ST/STM32CubeIDE_1.16.1/STM32CubeIDE/plugins/com.st.stm32cube.ide.mcu.externaltools.gnu-tools-for-stm32.12.3.rel1.win32_1.0.200.202406191623/tools/bin/../lib/gcc/arm-none-eabi/12.3.1/thumb/v7e-m+dp/hard/crtbegin.o
 .text          0x0800030c       0x30 C:/ST/STM32CubeIDE_1.16.1/STM32CubeIDE/plugins/com.st.stm32cube.ide.mcu.externaltools.gnu-tools-for-stm32.12.3.rel1.win32_1.0.200.202406191623/tools/bin/../lib/gcc/arm-none-eabi/12.3.1/thumb/v7e-m+dp/hard\libgcc.a(_aeabi_uldivmod.o)
                0x0800030c                __aeabi_uldivmod
 .text          0x0800033c      0x2bc C:/ST/STM32CubeIDE_1.16.1/STM32CubeIDE/plugins/com.st.stm32cube.ide.mcu.externaltools.gnu-tools-for-stm32.12.3.rel1.win32_1.0.200.202406191623/tools/bin/../lib/gcc/arm-none-eabi/12.3.1/thumb/v7e-m+dp/hard\libgcc.a(_udivmoddi4.o)
                0x0800033c                __udivmoddi4
 .text          0x080005f8        0x4 C:/ST/STM32CubeIDE_1.16.1/STM32CubeIDE/plugins/com.st.stm32cube.ide.mcu.externaltools.gnu-tools-for-stm32.12.3.rel1.win32_1.0.200.202406191623/tools/bin/../lib/gcc/arm-none-eabi/12.3.1/thumb/v7e-m+dp/hard\libgcc.a(_dvmd_tls.o)
                0x080005f8                __aeabi_idiv0
                0x080005f8                __aeabi_ldiv0
 *(.text*)
 .text.main     0x080005fc      0x160 ./Core/Src/main.o
                0x080005fc                main
 .text.SystemClock_Config
                0x0800075c       0xe0 ./Core/Src/main.o
                0x0800075c                SystemClock_Config
 .text.MX_ETH_Init
                0x0800083c       0x98 ./Core/Src/main.o
 .text.MX_I2S2_Init
                0x080008d4       0x68 ./Core/Src/main.o
 .text.MX_I2S3_Init
                0x0800093c       0x64 ./Core/Src/main.o
 .text.MX_I2S6_Init
                0x080009a0       0x64 ./Core/Src/main.o
 .text.MX_SPI4_Init
                0x08000a04       0xb0 ./Core/Src/main.o
 .text.MX_USART3_UART_Init
                0x08000ab4       0x98 ./Core/Src/main.o
 .text.MX_USB_OTG_HS_USB_Init
                0x08000b4c        0xe ./Core/Src/main.o
 *fill*         0x08000b5a        0x2 
 .text.MX_DMA_Init
                0x08000b5c       0x40 ./Core/Src/main.o
 .text.MX_GPIO_Init
                0x08000b9c      0x1f8 ./Core/Src/main.o
 .text.HAL_TIM_PeriodElapsedCallback
                0x08000d94       0x24 ./Core/Src/main.o
                0x08000d94                HAL_TIM_PeriodElapsedCallback
 .text.Error_Handler
                0x08000db8        0xc ./Core/Src/main.o
                0x08000db8                Error_Handler
 .text.HAL_MspInit
                0x08000dc4       0x34 ./Core/Src/stm32h7xx_hal_msp.o
                0x08000dc4                HAL_MspInit
 .text.HAL_ETH_MspInit
                0x08000df8      0x19c ./Core/Src/stm32h7xx_hal_msp.o
                0x08000df8                HAL_ETH_MspInit
 .text.HAL_I2S_MspInit
                0x08000f94      0x38c ./Core/Src/stm32h7xx_hal_msp.o
                0x08000f94                HAL_I2S_MspInit
 .text.HAL_SPI_MspInit
                0x08001320       0xd0 ./Core/Src/stm32h7xx_hal_msp.o
                0x08001320                HAL_SPI_MspInit
 .text.HAL_UART_MspInit
                0x080013f0       0xd4 ./Core/Src/stm32h7xx_hal_msp.o
                0x080013f0                HAL_UART_MspInit
 .text.HAL_InitTick
                0x080014c4       0xc4 ./Core/Src/stm32h7xx_hal_timebase_tim.o
                0x080014c4                HAL_InitTick
 .text.NMI_Handler
                0x08001588        0x8 ./Core/Src/stm32h7xx_it.o
                0x08001588                NMI_Handler
 .text.HardFault_Handler
                0x08001590        0x8 ./Core/Src/stm32h7xx_it.o
                0x08001590                HardFault_Handler
 .text.MemManage_Handler
                0x08001598        0x8 ./Core/Src/stm32h7xx_it.o
                0x08001598                MemManage_Handler
 .text.BusFault_Handler
                0x080015a0        0x8 ./Core/Src/stm32h7xx_it.o
                0x080015a0                BusFault_Handler
 .text.UsageFault_Handler
                0x080015a8        0x8 ./Core/Src/stm32h7xx_it.o
                0x080015a8                UsageFault_Handler
 .text.SVC_Handler
                0x080015b0        0xe ./Core/Src/stm32h7xx_it.o
                0x080015b0                SVC_Handler
 .text.DebugMon_Handler
                0x080015be        0xe ./Core/Src/stm32h7xx_it.o
                0x080015be                DebugMon_Handler
 .text.PendSV_Handler
                0x080015cc        0xe ./Core/Src/stm32h7xx_it.o
                0x080015cc                PendSV_Handler
 .text.SysTick_Handler
                0x080015da        0xe ./Core/Src/stm32h7xx_it.o
                0x080015da                SysTick_Handler
 .text.DMA1_Stream1_IRQHandler
                0x080015e8       0x14 ./Core/Src/stm32h7xx_it.o
                0x080015e8                DMA1_Stream1_IRQHandler
 .text.TIM1_UP_IRQHandler
                0x080015fc       0x14 ./Core/Src/stm32h7xx_it.o
                0x080015fc                TIM1_UP_IRQHandler
 .text.SystemInit
                0x08001610       0xf0 ./Core/Src/system_stm32h7xx.o
                0x08001610                SystemInit
 .text.Reset_Handler
                0x08001700       0x50 ./Core/Startup/startup_stm32h723zgtx.o
                0x08001700                Reset_Handler
 .text.Default_Handler
                0x08001750        0x2 ./Core/Startup/startup_stm32h723zgtx.o
                0x08001750                RTC_Alarm_IRQHandler
                0x08001750                EXTI2_IRQHandler
                0x08001750                TIM8_CC_IRQHandler
                0x08001750                UART8_IRQHandler
                0x08001750                SPI4_IRQHandler
                0x08001750                FDCAN3_IT0_IRQHandler
                0x08001750                TIM1_CC_IRQHandler
                0x08001750                BDMA_Channel6_IRQHandler
                0x08001750                DMA2_Stream5_IRQHandler
                0x08001750                DMA1_Stream5_IRQHandler
                0x08001750                CORDIC_IRQHandler
                0x08001750                BDMA_Channel1_IRQHandler
                0x08001750                TAMP_STAMP_IRQHandler
                0x08001750                EXTI3_IRQHandler
                0x08001750                LPTIM4_IRQHandler
                0x08001750                TIM8_TRG_COM_TIM14_IRQHandler
                0x08001750                LPTIM2_IRQHandler
                0x08001750                DFSDM1_FLT1_IRQHandler
                0x08001750                DMAMUX2_OVR_IRQHandler
                0x08001750                TIM8_UP_TIM13_IRQHandler
                0x08001750                I2C3_ER_IRQHandler
                0x08001750                DFSDM1_FLT2_IRQHandler
                0x08001750                I2C5_EV_IRQHandler
                0x08001750                USART10_IRQHandler
                0x08001750                MDMA_IRQHandler
                0x08001750                LPTIM3_IRQHandler
                0x08001750                HSEM1_IRQHandler
                0x08001750                EXTI0_IRQHandler
                0x08001750                I2C2_EV_IRQHandler
                0x08001750                DMA1_Stream2_IRQHandler
                0x08001750                FPU_IRQHandler
                0x08001750                OTG_HS_WKUP_IRQHandler
                0x08001750                FDCAN1_IT1_IRQHandler
                0x08001750                LTDC_ER_IRQHandler
                0x08001750                DMA2_Stream2_IRQHandler
                0x08001750                SPI1_IRQHandler
                0x08001750                OCTOSPI1_IRQHandler
                0x08001750                TIM6_DAC_IRQHandler
                0x08001750                DMA2_Stream3_IRQHandler
                0x08001750                OCTOSPI2_IRQHandler
                0x08001750                DFSDM1_FLT3_IRQHandler
                0x08001750                TIM23_IRQHandler
                0x08001750                USART6_IRQHandler
                0x08001750                TIM17_IRQHandler
                0x08001750                USART3_IRQHandler
                0x08001750                BDMA_Channel7_IRQHandler
                0x08001750                LPTIM5_IRQHandler
                0x08001750                UART5_IRQHandler
                0x08001750                ADC3_IRQHandler
                0x08001750                DMA2_Stream0_IRQHandler
                0x08001750                TIM4_IRQHandler
                0x08001750                BDMA_Channel2_IRQHandler
                0x08001750                I2C1_EV_IRQHandler
                0x08001750                DMA1_Stream6_IRQHandler
                0x08001750                DMAMUX1_OVR_IRQHandler
                0x08001750                TIM16_IRQHandler
                0x08001750                UART4_IRQHandler
                0x08001750                BDMA_Channel5_IRQHandler
                0x08001750                TIM3_IRQHandler
                0x08001750                RCC_IRQHandler
                0x08001750                UART9_IRQHandler
                0x08001750                TIM8_BRK_TIM12_IRQHandler
                0x08001750                TIM1_TRG_COM_IRQHandler
                0x08001750                Default_Handler
                0x08001750                ECC_IRQHandler
                0x08001750                FMAC_IRQHandler
                0x08001750                CEC_IRQHandler
                0x08001750                EXTI15_10_IRQHandler
                0x08001750                BDMA_Channel0_IRQHandler
                0x08001750                ADC_IRQHandler
                0x08001750                I2C5_ER_IRQHandler
                0x08001750                DMA1_Stream7_IRQHandler
                0x08001750                SPI5_IRQHandler
                0x08001750                TIM7_IRQHandler
                0x08001750                FDCAN3_IT1_IRQHandler
                0x08001750                SDMMC1_IRQHandler
                0x08001750                TIM5_IRQHandler
                0x08001750                DMA2_Stream7_IRQHandler
                0x08001750                TIM15_IRQHandler
                0x08001750                PVD_AVD_IRQHandler
                0x08001750                I2C3_EV_IRQHandler
                0x08001750                EXTI9_5_IRQHandler
                0x08001750                RTC_WKUP_IRQHandler
                0x08001750                LTDC_IRQHandler
                0x08001750                ETH_WKUP_IRQHandler
                0x08001750                SPDIF_RX_IRQHandler
                0x08001750                SPI2_IRQHandler
                0x08001750                OTG_HS_EP1_IN_IRQHandler
                0x08001750                DMA1_Stream0_IRQHandler
                0x08001750                TIM24_IRQHandler
                0x08001750                CRS_IRQHandler
                0x08001750                EXTI4_IRQHandler
                0x08001750                RNG_IRQHandler
                0x08001750                FDCAN2_IT1_IRQHandler
                0x08001750                ETH_IRQHandler
                0x08001750                BDMA_Channel4_IRQHandler
                0x08001750                OTG_HS_EP1_OUT_IRQHandler
                0x08001750                WWDG_IRQHandler
                0x08001750                SPI6_IRQHandler
                0x08001750                MDIOS_IRQHandler
                0x08001750                I2C4_EV_IRQHandler
                0x08001750                FDCAN2_IT0_IRQHandler
                0x08001750                LPUART1_IRQHandler
                0x08001750                FDCAN1_IT0_IRQHandler
                0x08001750                TIM2_IRQHandler
                0x08001750                OTG_HS_IRQHandler
                0x08001750                DMA2D_IRQHandler
                0x08001750                TIM1_BRK_IRQHandler
                0x08001750                EXTI1_IRQHandler
                0x08001750                SDMMC2_IRQHandler
                0x08001750                BDMA_Channel3_IRQHandler
                0x08001750                DTS_IRQHandler
                0x08001750                UART7_IRQHandler
                0x08001750                MDIOS_WKUP_IRQHandler
                0x08001750                USART2_IRQHandler
                0x08001750                DFSDM1_FLT0_IRQHandler
                0x08001750                SAI4_IRQHandler
                0x08001750                I2C2_ER_IRQHandler
                0x08001750                DMA2_Stream1_IRQHandler
                0x08001750                FLASH_IRQHandler
                0x08001750                DMA2_Stream4_IRQHandler
                0x08001750                USART1_IRQHandler
                0x08001750                SPI3_IRQHandler
                0x08001750                WAKEUP_PIN_IRQHandler
                0x08001750                DMA1_Stream4_IRQHandler
                0x08001750                I2C1_ER_IRQHandler
                0x08001750                FMC_IRQHandler
                0x08001750                FDCAN_CAL_IRQHandler
                0x08001750                SWPMI1_IRQHandler
                0x08001750                COMP1_IRQHandler
                0x08001750                LPTIM1_IRQHandler
                0x08001750                DCMI_PSSI_IRQHandler
                0x08001750                I2C4_ER_IRQHandler
                0x08001750                DMA2_Stream6_IRQHandler
                0x08001750                SAI1_IRQHandler
                0x08001750                DMA1_Stream3_IRQHandler
 *fill*         0x08001752        0x2 
 .text.sk9822_init
                0x08001754       0x74 ./Core/sk9822.o
                0x08001754                sk9822_init
 .text.sk9822_send_update
                0x080017c8       0x20 ./Core/sk9822.o
                0x080017c8                sk9822_send_update
 .text.sk9822_edit_led
                0x080017e8       0x88 ./Core/sk9822.o
                0x080017e8                sk9822_edit_led
 .text.HAL_Init
                0x08001870       0x78 ./Drivers/STM32H7xx_HAL_Driver/Src/stm32h7xx_hal.o
                0x08001870                HAL_Init
 .text.HAL_IncTick
                0x080018e8       0x28 ./Drivers/STM32H7xx_HAL_Driver/Src/stm32h7xx_hal.o
                0x080018e8                HAL_IncTick
 .text.HAL_GetTick
                0x08001910       0x18 ./Drivers/STM32H7xx_HAL_Driver/Src/stm32h7xx_hal.o
                0x08001910                HAL_GetTick
 .text.HAL_SYSCFG_ETHInterfaceSelect
                0x08001928       0x28 ./Drivers/STM32H7xx_HAL_Driver/Src/stm32h7xx_hal.o
                0x08001928                HAL_SYSCFG_ETHInterfaceSelect
 .text.__NVIC_SetPriorityGrouping
                0x08001950       0x48 ./Drivers/STM32H7xx_HAL_Driver/Src/stm32h7xx_hal_cortex.o
 .text.__NVIC_GetPriorityGrouping
                0x08001998       0x1c ./Drivers/STM32H7xx_HAL_Driver/Src/stm32h7xx_hal_cortex.o
 .text.__NVIC_EnableIRQ
                0x080019b4       0x3c ./Drivers/STM32H7xx_HAL_Driver/Src/stm32h7xx_hal_cortex.o
 .text.__NVIC_SetPriority
                0x080019f0       0x54 ./Drivers/STM32H7xx_HAL_Driver/Src/stm32h7xx_hal_cortex.o
 .text.NVIC_EncodePriority
                0x08001a44       0x66 ./Drivers/STM32H7xx_HAL_Driver/Src/stm32h7xx_hal_cortex.o
 .text.HAL_NVIC_SetPriorityGrouping
                0x08001aaa       0x16 ./Drivers/STM32H7xx_HAL_Driver/Src/stm32h7xx_hal_cortex.o
                0x08001aaa                HAL_NVIC_SetPriorityGrouping
 .text.HAL_NVIC_SetPriority
                0x08001ac0       0x34 ./Drivers/STM32H7xx_HAL_Driver/Src/stm32h7xx_hal_cortex.o
                0x08001ac0                HAL_NVIC_SetPriority
 .text.HAL_NVIC_EnableIRQ
                0x08001af4       0x1c ./Drivers/STM32H7xx_HAL_Driver/Src/stm32h7xx_hal_cortex.o
                0x08001af4                HAL_NVIC_EnableIRQ
 .text.HAL_DMA_Init
                0x08001b10      0x6b0 ./Drivers/STM32H7xx_HAL_Driver/Src/stm32h7xx_hal_dma.o
                0x08001b10                HAL_DMA_Init
 .text.HAL_DMA_IRQHandler
                0x080021c0      0xe54 ./Drivers/STM32H7xx_HAL_Driver/Src/stm32h7xx_hal_dma.o
                0x080021c0                HAL_DMA_IRQHandler
 .text.DMA_CalcBaseAndBitshift
                0x08003014      0x164 ./Drivers/STM32H7xx_HAL_Driver/Src/stm32h7xx_hal_dma.o
 .text.DMA_CheckFifoParam
                0x08003178       0xf8 ./Drivers/STM32H7xx_HAL_Driver/Src/stm32h7xx_hal_dma.o
 .text.DMA_CalcDMAMUXChannelBaseAndMask
                0x08003270      0x134 ./Drivers/STM32H7xx_HAL_Driver/Src/stm32h7xx_hal_dma.o
 .text.DMA_CalcDMAMUXRequestGenBaseAndMask
                0x080033a4       0xe8 ./Drivers/STM32H7xx_HAL_Driver/Src/stm32h7xx_hal_dma.o
 .text.HAL_ETH_Init
                0x0800348c      0x1fc ./Drivers/STM32H7xx_HAL_Driver/Src/stm32h7xx_hal_eth.o
                0x0800348c                HAL_ETH_Init
 .text.HAL_ETH_SetMDIOClockRange
                0x08003688       0xa0 ./Drivers/STM32H7xx_HAL_Driver/Src/stm32h7xx_hal_eth.o
                0x08003688                HAL_ETH_SetMDIOClockRange
 .text.ETH_SetMACConfig
                0x08003728      0x238 ./Drivers/STM32H7xx_HAL_Driver/Src/stm32h7xx_hal_eth.o
 .text.ETH_SetDMAConfig
                0x08003960      0x10c ./Drivers/STM32H7xx_HAL_Driver/Src/stm32h7xx_hal_eth.o
 .text.ETH_MACDMAConfig
                0x08003a6c      0x13a ./Drivers/STM32H7xx_HAL_Driver/Src/stm32h7xx_hal_eth.o
 .text.ETH_DMATxDescListInit
                0x08003ba6       0x92 ./Drivers/STM32H7xx_HAL_Driver/Src/stm32h7xx_hal_eth.o
 .text.ETH_DMARxDescListInit
                0x08003c38       0xba ./Drivers/STM32H7xx_HAL_Driver/Src/stm32h7xx_hal_eth.o
 *fill*         0x08003cf2        0x2 
 .text.HAL_GPIO_Init
                0x08003cf4      0x350 ./Drivers/STM32H7xx_HAL_Driver/Src/stm32h7xx_hal_gpio.o
                0x08003cf4                HAL_GPIO_Init
 .text.HAL_GPIO_WritePin
                0x08004044       0x32 ./Drivers/STM32H7xx_HAL_Driver/Src/stm32h7xx_hal_gpio.o
                0x08004044                HAL_GPIO_WritePin
 *fill*         0x08004076        0x2 
 .text.HAL_I2S_Init
                0x08004078      0x260 ./Drivers/STM32H7xx_HAL_Driver/Src/stm32h7xx_hal_i2s.o
                0x08004078                HAL_I2S_Init
 .text.HAL_PWREx_ConfigSupply
                0x080042d8       0x74 ./Drivers/STM32H7xx_HAL_Driver/Src/stm32h7xx_hal_pwr_ex.o
                0x080042d8                HAL_PWREx_ConfigSupply
 .text.HAL_RCC_OscConfig
                0x0800434c      0x7b4 ./Drivers/STM32H7xx_HAL_Driver/Src/stm32h7xx_hal_rcc.o
                0x0800434c                HAL_RCC_OscConfig
 .text.HAL_RCC_ClockConfig
                0x08004b00      0x36c ./Drivers/STM32H7xx_HAL_Driver/Src/stm32h7xx_hal_rcc.o
                0x08004b00                HAL_RCC_ClockConfig
 .text.HAL_RCC_GetSysClockFreq
                0x08004e6c      0x2f4 ./Drivers/STM32H7xx_HAL_Driver/Src/stm32h7xx_hal_rcc.o
                0x08004e6c                HAL_RCC_GetSysClockFreq
 .text.HAL_RCC_GetHCLKFreq
                0x08005160       0x60 ./Drivers/STM32H7xx_HAL_Driver/Src/stm32h7xx_hal_rcc.o
                0x08005160                HAL_RCC_GetHCLKFreq
 .text.HAL_RCC_GetPCLK1Freq
                0x080051c0       0x2c ./Drivers/STM32H7xx_HAL_Driver/Src/stm32h7xx_hal_rcc.o
                0x080051c0                HAL_RCC_GetPCLK1Freq
 .text.HAL_RCC_GetPCLK2Freq
                0x080051ec       0x2c ./Drivers/STM32H7xx_HAL_Driver/Src/stm32h7xx_hal_rcc.o
                0x080051ec                HAL_RCC_GetPCLK2Freq
 .text.HAL_RCC_GetClockConfig
                0x08005218       0x84 ./Drivers/STM32H7xx_HAL_Driver/Src/stm32h7xx_hal_rcc.o
                0x08005218                HAL_RCC_GetClockConfig
 .text.HAL_RCCEx_PeriphCLKConfig
                0x0800529c     0x1340 ./Drivers/STM32H7xx_HAL_Driver/Src/stm32h7xx_hal_rcc_ex.o
                0x0800529c                HAL_RCCEx_PeriphCLKConfig
 .text.HAL_RCCEx_GetPeriphCLKFreq
                0x080065dc      0x9a4 ./Drivers/STM32H7xx_HAL_Driver/Src/stm32h7xx_hal_rcc_ex.o
                0x080065dc                HAL_RCCEx_GetPeriphCLKFreq
 .text.HAL_RCCEx_GetD3PCLK1Freq
                0x08006f80       0x2c ./Drivers/STM32H7xx_HAL_Driver/Src/stm32h7xx_hal_rcc_ex.o
                0x08006f80                HAL_RCCEx_GetD3PCLK1Freq
 .text.HAL_RCCEx_GetPLL2ClockFreq
                0x08006fac      0x2a8 ./Drivers/STM32H7xx_HAL_Driver/Src/stm32h7xx_hal_rcc_ex.o
                0x08006fac                HAL_RCCEx_GetPLL2ClockFreq
 .text.HAL_RCCEx_GetPLL3ClockFreq
                0x08007254      0x2a8 ./Drivers/STM32H7xx_HAL_Driver/Src/stm32h7xx_hal_rcc_ex.o
                0x08007254                HAL_RCCEx_GetPLL3ClockFreq
 .text.HAL_RCCEx_GetPLL1ClockFreq
                0x080074fc      0x2a4 ./Drivers/STM32H7xx_HAL_Driver/Src/stm32h7xx_hal_rcc_ex.o
                0x080074fc                HAL_RCCEx_GetPLL1ClockFreq
 .text.RCCEx_PLL2_Config
                0x080077a0      0x164 ./Drivers/STM32H7xx_HAL_Driver/Src/stm32h7xx_hal_rcc_ex.o
 .text.RCCEx_PLL3_Config
                0x08007904      0x164 ./Drivers/STM32H7xx_HAL_Driver/Src/stm32h7xx_hal_rcc_ex.o
 .text.HAL_SPI_Init
                0x08007a68      0x248 ./Drivers/STM32H7xx_HAL_Driver/Src/stm32h7xx_hal_spi.o
                0x08007a68                HAL_SPI_Init
 .text.HAL_SPI_Transmit
                0x08007cb0      0x3dc ./Drivers/STM32H7xx_HAL_Driver/Src/stm32h7xx_hal_spi.o
                0x08007cb0                HAL_SPI_Transmit
 .text.SPI_CloseTransfer
                0x0800808c      0x140 ./Drivers/STM32H7xx_HAL_Driver/Src/stm32h7xx_hal_spi.o
 .text.SPI_WaitOnFlagUntilTimeout
                0x080081cc       0x5c ./Drivers/STM32H7xx_HAL_Driver/Src/stm32h7xx_hal_spi.o
 .text.SPI_GetPacketSize
                0x08008228       0x36 ./Drivers/STM32H7xx_HAL_Driver/Src/stm32h7xx_hal_spi.o
 .text.HAL_TIM_Base_Init
                0x0800825e       0xae ./Drivers/STM32H7xx_HAL_Driver/Src/stm32h7xx_hal_tim.o
                0x0800825e                HAL_TIM_Base_Init
 .text.HAL_TIM_Base_MspInit
                0x0800830c       0x14 ./Drivers/STM32H7xx_HAL_Driver/Src/stm32h7xx_hal_tim.o
                0x0800830c                HAL_TIM_Base_MspInit
 .text.HAL_TIM_Base_Start_IT
                0x08008320      0x10c ./Drivers/STM32H7xx_HAL_Driver/Src/stm32h7xx_hal_tim.o
                0x08008320                HAL_TIM_Base_Start_IT
 .text.HAL_TIM_IRQHandler
                0x0800842c      0x20e ./Drivers/STM32H7xx_HAL_Driver/Src/stm32h7xx_hal_tim.o
                0x0800842c                HAL_TIM_IRQHandler
 .text.HAL_TIM_OC_DelayElapsedCallback
                0x0800863a       0x14 ./Drivers/STM32H7xx_HAL_Driver/Src/stm32h7xx_hal_tim.o
                0x0800863a                HAL_TIM_OC_DelayElapsedCallback
 .text.HAL_TIM_IC_CaptureCallback
                0x0800864e       0x14 ./Drivers/STM32H7xx_HAL_Driver/Src/stm32h7xx_hal_tim.o
                0x0800864e                HAL_TIM_IC_CaptureCallback
 .text.HAL_TIM_PWM_PulseFinishedCallback
                0x08008662       0x14 ./Drivers/STM32H7xx_HAL_Driver/Src/stm32h7xx_hal_tim.o
                0x08008662                HAL_TIM_PWM_PulseFinishedCallback
 .text.HAL_TIM_TriggerCallback
                0x08008676       0x14 ./Drivers/STM32H7xx_HAL_Driver/Src/stm32h7xx_hal_tim.o
                0x08008676                HAL_TIM_TriggerCallback
 *fill*         0x0800868a        0x2 
 .text.TIM_Base_SetConfig
                0x0800868c      0x164 ./Drivers/STM32H7xx_HAL_Driver/Src/stm32h7xx_hal_tim.o
                0x0800868c                TIM_Base_SetConfig
 .text.HAL_TIMEx_CommutCallback
                0x080087f0       0x14 ./Drivers/STM32H7xx_HAL_Driver/Src/stm32h7xx_hal_tim_ex.o
                0x080087f0                HAL_TIMEx_CommutCallback
 .text.HAL_TIMEx_BreakCallback
                0x08008804       0x14 ./Drivers/STM32H7xx_HAL_Driver/Src/stm32h7xx_hal_tim_ex.o
                0x08008804                HAL_TIMEx_BreakCallback
 .text.HAL_TIMEx_Break2Callback
                0x08008818       0x14 ./Drivers/STM32H7xx_HAL_Driver/Src/stm32h7xx_hal_tim_ex.o
                0x08008818                HAL_TIMEx_Break2Callback
 .text.HAL_UART_Init
                0x0800882c       0xa0 ./Drivers/STM32H7xx_HAL_Driver/Src/stm32h7xx_hal_uart.o
                0x0800882c                HAL_UART_Init
 .text.UART_SetConfig
                0x080088cc      0xcd8 ./Drivers/STM32H7xx_HAL_Driver/Src/stm32h7xx_hal_uart.o
                0x080088cc                UART_SetConfig
 .text.UART_AdvFeatureConfig
                0x080095a4      0x144 ./Drivers/STM32H7xx_HAL_Driver/Src/stm32h7xx_hal_uart.o
                0x080095a4                UART_AdvFeatureConfig
 .text.UART_CheckIdleState
                0x080096e8      0x154 ./Drivers/STM32H7xx_HAL_Driver/Src/stm32h7xx_hal_uart.o
                0x080096e8                UART_CheckIdleState
 .text.UART_WaitOnFlagUntilTimeout
                0x0800983c       0xda ./Drivers/STM32H7xx_HAL_Driver/Src/stm32h7xx_hal_uart.o
                0x0800983c                UART_WaitOnFlagUntilTimeout
 *fill*         0x08009916        0x2 
 .text.UART_EndRxTransfer
                0x08009918       0xcc ./Drivers/STM32H7xx_HAL_Driver/Src/stm32h7xx_hal_uart.o
 .text.HAL_UARTEx_DisableFifoMode
                0x080099e4       0x72 ./Drivers/STM32H7xx_HAL_Driver/Src/stm32h7xx_hal_uart_ex.o
                0x080099e4                HAL_UARTEx_DisableFifoMode
 .text.HAL_UARTEx_SetTxFifoThreshold
                0x08009a56       0x7c ./Drivers/STM32H7xx_HAL_Driver/Src/stm32h7xx_hal_uart_ex.o
                0x08009a56                HAL_UARTEx_SetTxFifoThreshold
 .text.HAL_UARTEx_SetRxFifoThreshold
                0x08009ad2       0x7c ./Drivers/STM32H7xx_HAL_Driver/Src/stm32h7xx_hal_uart_ex.o
                0x08009ad2                HAL_UARTEx_SetRxFifoThreshold
 *fill*         0x08009b4e        0x2 
 .text.UARTEx_SetNbDataToProcess
                0x08009b50       0x9c ./Drivers/STM32H7xx_HAL_Driver/Src/stm32h7xx_hal_uart_ex.o
 .text.memset   0x08009bec       0x10 C:/ST/STM32CubeIDE_1.16.1/STM32CubeIDE/plugins/com.st.stm32cube.ide.mcu.externaltools.gnu-tools-for-stm32.12.3.rel1.win32_1.0.200.202406191623/tools/bin/../lib/gcc/arm-none-eabi/12.3.1/../../../../arm-none-eabi/lib/thumb/v7e-m+dp/hard\libc_nano.a(libc_a-memset.o)
                0x08009bec                memset
 .text.__libc_init_array
                0x08009bfc       0x48 C:/ST/STM32CubeIDE_1.16.1/STM32CubeIDE/plugins/com.st.stm32cube.ide.mcu.externaltools.gnu-tools-for-stm32.12.3.rel1.win32_1.0.200.202406191623/tools/bin/../lib/gcc/arm-none-eabi/12.3.1/../../../../arm-none-eabi/lib/thumb/v7e-m+dp/hard\libc_nano.a(libc_a-init.o)
                0x08009bfc                __libc_init_array
 *(.glue_7)
 .glue_7        0x08009c44        0x0 linker stubs
 *(.glue_7t)
 .glue_7t       0x08009c44        0x0 linker stubs
 *(.eh_frame)
 .eh_frame      0x08009c44        0x0 C:/ST/STM32CubeIDE_1.16.1/STM32CubeIDE/plugins/com.st.stm32cube.ide.mcu.externaltools.gnu-tools-for-stm32.12.3.rel1.win32_1.0.200.202406191623/tools/bin/../lib/gcc/arm-none-eabi/12.3.1/thumb/v7e-m+dp/hard/crtbegin.o
 *(.init)
 .init          0x08009c44        0x4 C:/ST/STM32CubeIDE_1.16.1/STM32CubeIDE/plugins/com.st.stm32cube.ide.mcu.externaltools.gnu-tools-for-stm32.12.3.rel1.win32_1.0.200.202406191623/tools/bin/../lib/gcc/arm-none-eabi/12.3.1/thumb/v7e-m+dp/hard/crti.o
                0x08009c44                _init
 .init          0x08009c48        0x8 C:/ST/STM32CubeIDE_1.16.1/STM32CubeIDE/plugins/com.st.stm32cube.ide.mcu.externaltools.gnu-tools-for-stm32.12.3.rel1.win32_1.0.200.202406191623/tools/bin/../lib/gcc/arm-none-eabi/12.3.1/thumb/v7e-m+dp/hard/crtn.o
 *(.fini)
 .fini          0x08009c50        0x4 C:/ST/STM32CubeIDE_1.16.1/STM32CubeIDE/plugins/com.st.stm32cube.ide.mcu.externaltools.gnu-tools-for-stm32.12.3.rel1.win32_1.0.200.202406191623/tools/bin/../lib/gcc/arm-none-eabi/12.3.1/thumb/v7e-m+dp/hard/crti.o
                0x08009c50                _fini
 .fini          0x08009c54        0x8 C:/ST/STM32CubeIDE_1.16.1/STM32CubeIDE/plugins/com.st.stm32cube.ide.mcu.externaltools.gnu-tools-for-stm32.12.3.rel1.win32_1.0.200.202406191623/tools/bin/../lib/gcc/arm-none-eabi/12.3.1/thumb/v7e-m+dp/hard/crtn.o
                0x08009c5c                        . = ALIGN (0x4)
                0x08009c5c                        _etext = .

.vfp11_veneer   0x08009c5c        0x0
 .vfp11_veneer  0x08009c5c        0x0 linker stubs

.v4_bx          0x08009c5c        0x0
 .v4_bx         0x08009c5c        0x0 linker stubs

.iplt           0x08009c5c        0x0
 .iplt          0x08009c5c        0x0 C:/ST/STM32CubeIDE_1.16.1/STM32CubeIDE/plugins/com.st.stm32cube.ide.mcu.externaltools.gnu-tools-for-stm32.12.3.rel1.win32_1.0.200.202406191623/tools/bin/../lib/gcc/arm-none-eabi/12.3.1/thumb/v7e-m+dp/hard/crtbegin.o

.rodata         0x08009c5c       0x40
                0x08009c5c                        . = ALIGN (0x4)
 *(.rodata)
 *(.rodata*)
 .rodata.D1CorePrescTable
                0x08009c5c       0x10 ./Core/Src/system_stm32h7xx.o
                0x08009c5c                D1CorePrescTable
 .rodata.flagBitshiftOffset.0
                0x08009c6c        0x8 ./Drivers/STM32H7xx_HAL_Driver/Src/stm32h7xx_hal_dma.o
 .rodata.UARTPrescTable
                0x08009c74       0x18 ./Drivers/STM32H7xx_HAL_Driver/Src/stm32h7xx_hal_uart.o
                0x08009c74                UARTPrescTable
 .rodata.numerator.1
                0x08009c8c        0x8 ./Drivers/STM32H7xx_HAL_Driver/Src/stm32h7xx_hal_uart_ex.o
 .rodata.denominator.0
                0x08009c94        0x8 ./Drivers/STM32H7xx_HAL_Driver/Src/stm32h7xx_hal_uart_ex.o
                0x08009c9c                        . = ALIGN (0x4)

.ARM.extab
 *(.ARM.extab* .gnu.linkonce.armextab.*)

.ARM            0x08009c9c        0x8
                0x08009c9c                        __exidx_start = .
 *(.ARM.exidx*)
 .ARM.exidx     0x08009c9c        0x8 C:/ST/STM32CubeIDE_1.16.1/STM32CubeIDE/plugins/com.st.stm32cube.ide.mcu.externaltools.gnu-tools-for-stm32.12.3.rel1.win32_1.0.200.202406191623/tools/bin/../lib/gcc/arm-none-eabi/12.3.1/thumb/v7e-m+dp/hard\libgcc.a(_udivmoddi4.o)
                0x08009ca4                        __exidx_end = .

.preinit_array  0x08009ca4        0x0
                0x08009ca4                        PROVIDE (__preinit_array_start = .)
 *(.preinit_array*)
                0x08009ca4                        PROVIDE (__preinit_array_end = .)

.init_array     0x08009ca4        0x4
                0x08009ca4                        PROVIDE (__init_array_start = .)
 *(SORT_BY_NAME(.init_array.*))
 *(.init_array*)
 .init_array    0x08009ca4        0x4 C:/ST/STM32CubeIDE_1.16.1/STM32CubeIDE/plugins/com.st.stm32cube.ide.mcu.externaltools.gnu-tools-for-stm32.12.3.rel1.win32_1.0.200.202406191623/tools/bin/../lib/gcc/arm-none-eabi/12.3.1/thumb/v7e-m+dp/hard/crtbegin.o
                0x08009ca8                        PROVIDE (__init_array_end = .)

.fini_array     0x08009ca8        0x4
                [!provide]                        PROVIDE (__fini_array_start = .)
 *(SORT_BY_NAME(.fini_array.*))
 *(.fini_array*)
 .fini_array    0x08009ca8        0x4 C:/ST/STM32CubeIDE_1.16.1/STM32CubeIDE/plugins/com.st.stm32cube.ide.mcu.externaltools.gnu-tools-for-stm32.12.3.rel1.win32_1.0.200.202406191623/tools/bin/../lib/gcc/arm-none-eabi/12.3.1/thumb/v7e-m+dp/hard/crtbegin.o
                [!provide]                        PROVIDE (__fini_array_end = .)
                0x08009cac                        _sidata = LOADADDR (.data)

.rel.dyn        0x08009cac        0x0
 .rel.iplt      0x08009cac        0x0 C:/ST/STM32CubeIDE_1.16.1/STM32CubeIDE/plugins/com.st.stm32cube.ide.mcu.externaltools.gnu-tools-for-stm32.12.3.rel1.win32_1.0.200.202406191623/tools/bin/../lib/gcc/arm-none-eabi/12.3.1/thumb/v7e-m+dp/hard/crtbegin.o

.data           0x24000000       0x10 load address 0x08009cac
                0x24000000                        . = ALIGN (0x4)
                0x24000000                        _sdata = .
 *(.data)
 *(.data*)
 .data.SystemCoreClock
                0x24000000        0x4 ./Core/Src/system_stm32h7xx.o
                0x24000000                SystemCoreClock
 .data.SystemD2Clock
                0x24000004        0x4 ./Core/Src/system_stm32h7xx.o
                0x24000004                SystemD2Clock
 .data.uwTickPrio
                0x24000008        0x4 ./Drivers/STM32H7xx_HAL_Driver/Src/stm32h7xx_hal.o
                0x24000008                uwTickPrio
 .data.uwTickFreq
                0x2400000c        0x1 ./Drivers/STM32H7xx_HAL_Driver/Src/stm32h7xx_hal.o
                0x2400000c                uwTickFreq
 *(.RamFunc)
 *(.RamFunc*)
                0x24000010                        . = ALIGN (0x4)
 *fill*         0x2400000d        0x3 
                0x24000010                        _edata = .

.igot.plt       0x24000010        0x0 load address 0x08009cbc
 .igot.plt      0x24000010        0x0 C:/ST/STM32CubeIDE_1.16.1/STM32CubeIDE/plugins/com.st.stm32cube.ide.mcu.externaltools.gnu-tools-for-stm32.12.3.rel1.win32_1.0.200.202406191623/tools/bin/../lib/gcc/arm-none-eabi/12.3.1/thumb/v7e-m+dp/hard/crtbegin.o

.RxDecripSection
                0x24000010       0x60 load address 0x08009cbc
 .RxDecripSection
                0x24000010       0x60 ./Core/Src/main.o
                0x24000010                DMARxDscrTab

.TxDecripSection
                0x24000070       0x60 load address 0x08009d1c
 .TxDecripSection
                0x24000070       0x60 ./Core/Src/main.o
                0x24000070                DMATxDscrTab
                0x240000d0                        . = ALIGN (0x4)

.bss            0x240000d0      0x428 load address 0x08009d7c
                0x240000d0                        _sbss = .
                0x240000d0                        __bss_start__ = _sbss
 *(.bss)
 .bss           0x240000d0       0x1c C:/ST/STM32CubeIDE_1.16.1/STM32CubeIDE/plugins/com.st.stm32cube.ide.mcu.externaltools.gnu-tools-for-stm32.12.3.rel1.win32_1.0.200.202406191623/tools/bin/../lib/gcc/arm-none-eabi/12.3.1/thumb/v7e-m+dp/hard/crtbegin.o
 *(.bss*)
 .bss.TxConfig  0x240000ec       0x38 ./Core/Src/main.o
                0x240000ec                TxConfig
 .bss.heth      0x24000124       0xb0 ./Core/Src/main.o
                0x24000124                heth
 .bss.hi2s2     0x240001d4       0x54 ./Core/Src/main.o
                0x240001d4                hi2s2
 .bss.hi2s3     0x24000228       0x54 ./Core/Src/main.o
                0x24000228                hi2s3
 .bss.hi2s6     0x2400027c       0x54 ./Core/Src/main.o
                0x2400027c                hi2s6
 .bss.hdma_spi2_rx
                0x240002d0       0x78 ./Core/Src/main.o
                0x240002d0                hdma_spi2_rx
 .bss.hspi4     0x24000348       0x88 ./Core/Src/main.o
                0x24000348                hspi4
 .bss.huart3    0x240003d0       0x94 ./Core/Src/main.o
                0x240003d0                huart3
 .bss.MACAddr.0
                0x24000464        0x6 ./Core/Src/main.o
 *fill*         0x2400046a        0x2 
 .bss.htim1     0x2400046c       0x4c ./Core/Src/stm32h7xx_hal_timebase_tim.o
                0x2400046c                htim1
 .bss._df       0x240004b8       0x38 ./Core/sk9822.o
                0x240004b8                _df
 .bss._h_spi    0x240004f0        0x4 ./Core/sk9822.o
                0x240004f0                _h_spi
 .bss.uwTick    0x240004f4        0x4 ./Drivers/STM32H7xx_HAL_Driver/Src/stm32h7xx_hal.o
                0x240004f4                uwTick
 *(COMMON)
                0x240004f8                        . = ALIGN (0x4)
                0x240004f8                        _ebss = .
                0x240004f8                        __bss_end__ = _ebss

._user_heap_stack
                0x240004f8      0x600 load address 0x08009d7c
                0x240004f8                        . = ALIGN (0x8)
                [!provide]                        PROVIDE (end = .)
                0x240004f8                        PROVIDE (_end = .)
                0x240006f8                        . = (. + _Min_Heap_Size)
 *fill*         0x240004f8      0x200 
                0x24000af8                        . = (. + _Min_Stack_Size)
 *fill*         0x240006f8      0x400 
                0x24000af8                        . = ALIGN (0x8)

/DISCARD/
 libc.a(*)
 libm.a(*)
 libgcc.a(*)

.ARM.attributes
                0x00000000       0x2e
 *(.ARM.attributes)
 .ARM.attributes
                0x00000000       0x20 C:/ST/STM32CubeIDE_1.16.1/STM32CubeIDE/plugins/com.st.stm32cube.ide.mcu.externaltools.gnu-tools-for-stm32.12.3.rel1.win32_1.0.200.202406191623/tools/bin/../lib/gcc/arm-none-eabi/12.3.1/thumb/v7e-m+dp/hard/crti.o
 .ARM.attributes
                0x00000020       0x32 C:/ST/STM32CubeIDE_1.16.1/STM32CubeIDE/plugins/com.st.stm32cube.ide.mcu.externaltools.gnu-tools-for-stm32.12.3.rel1.win32_1.0.200.202406191623/tools/bin/../lib/gcc/arm-none-eabi/12.3.1/thumb/v7e-m+dp/hard/crtbegin.o
 .ARM.attributes
                0x00000052       0x32 ./Core/Src/main.o
 .ARM.attributes
                0x00000084       0x32 ./Core/Src/stm32h7xx_hal_msp.o
 .ARM.attributes
                0x000000b6       0x32 ./Core/Src/stm32h7xx_hal_timebase_tim.o
 .ARM.attributes
                0x000000e8       0x32 ./Core/Src/stm32h7xx_it.o
 .ARM.attributes
                0x0000011a       0x32 ./Core/Src/system_stm32h7xx.o
 .ARM.attributes
                0x0000014c       0x21 ./Core/Startup/startup_stm32h723zgtx.o
 .ARM.attributes
                0x0000016d       0x32 ./Core/sk9822.o
 .ARM.attributes
                0x0000019f       0x32 ./Drivers/STM32H7xx_HAL_Driver/Src/stm32h7xx_hal.o
 .ARM.attributes
                0x000001d1       0x32 ./Drivers/STM32H7xx_HAL_Driver/Src/stm32h7xx_hal_cortex.o
 .ARM.attributes
                0x00000203       0x32 ./Drivers/STM32H7xx_HAL_Driver/Src/stm32h7xx_hal_dma.o
 .ARM.attributes
                0x00000235       0x32 ./Drivers/STM32H7xx_HAL_Driver/Src/stm32h7xx_hal_eth.o
 .ARM.attributes
                0x00000267       0x32 ./Drivers/STM32H7xx_HAL_Driver/Src/stm32h7xx_hal_gpio.o
 .ARM.attributes
                0x00000299       0x32 ./Drivers/STM32H7xx_HAL_Driver/Src/stm32h7xx_hal_i2s.o
 .ARM.attributes
                0x000002cb       0x32 ./Drivers/STM32H7xx_HAL_Driver/Src/stm32h7xx_hal_pwr_ex.o
 .ARM.attributes
                0x000002fd       0x32 ./Drivers/STM32H7xx_HAL_Driver/Src/stm32h7xx_hal_rcc.o
 .ARM.attributes
                0x0000032f       0x32 ./Drivers/STM32H7xx_HAL_Driver/Src/stm32h7xx_hal_rcc_ex.o
 .ARM.attributes
                0x00000361       0x32 ./Drivers/STM32H7xx_HAL_Driver/Src/stm32h7xx_hal_spi.o
 .ARM.attributes
                0x00000393       0x32 ./Drivers/STM32H7xx_HAL_Driver/Src/stm32h7xx_hal_tim.o
 .ARM.attributes
                0x000003c5       0x32 ./Drivers/STM32H7xx_HAL_Driver/Src/stm32h7xx_hal_tim_ex.o
 .ARM.attributes
                0x000003f7       0x32 ./Drivers/STM32H7xx_HAL_Driver/Src/stm32h7xx_hal_uart.o
 .ARM.attributes
                0x00000429       0x32 ./Drivers/STM32H7xx_HAL_Driver/Src/stm32h7xx_hal_uart_ex.o
 .ARM.attributes
                0x0000045b       0x32 C:/ST/STM32CubeIDE_1.16.1/STM32CubeIDE/plugins/com.st.stm32cube.ide.mcu.externaltools.gnu-tools-for-stm32.12.3.rel1.win32_1.0.200.202406191623/tools/bin/../lib/gcc/arm-none-eabi/12.3.1/../../../../arm-none-eabi/lib/thumb/v7e-m+dp/hard\libc_nano.a(libc_a-memset.o)
 .ARM.attributes
                0x0000048d       0x32 C:/ST/STM32CubeIDE_1.16.1/STM32CubeIDE/plugins/com.st.stm32cube.ide.mcu.externaltools.gnu-tools-for-stm32.12.3.rel1.win32_1.0.200.202406191623/tools/bin/../lib/gcc/arm-none-eabi/12.3.1/../../../../arm-none-eabi/lib/thumb/v7e-m+dp/hard\libc_nano.a(libc_a-init.o)
 .ARM.attributes
                0x000004bf       0x20 C:/ST/STM32CubeIDE_1.16.1/STM32CubeIDE/plugins/com.st.stm32cube.ide.mcu.externaltools.gnu-tools-for-stm32.12.3.rel1.win32_1.0.200.202406191623/tools/bin/../lib/gcc/arm-none-eabi/12.3.1/thumb/v7e-m+dp/hard\libgcc.a(_aeabi_uldivmod.o)
 .ARM.attributes
                0x000004df       0x32 C:/ST/STM32CubeIDE_1.16.1/STM32CubeIDE/plugins/com.st.stm32cube.ide.mcu.externaltools.gnu-tools-for-stm32.12.3.rel1.win32_1.0.200.202406191623/tools/bin/../lib/gcc/arm-none-eabi/12.3.1/thumb/v7e-m+dp/hard\libgcc.a(_udivmoddi4.o)
 .ARM.attributes
                0x00000511       0x20 C:/ST/STM32CubeIDE_1.16.1/STM32CubeIDE/plugins/com.st.stm32cube.ide.mcu.externaltools.gnu-tools-for-stm32.12.3.rel1.win32_1.0.200.202406191623/tools/bin/../lib/gcc/arm-none-eabi/12.3.1/thumb/v7e-m+dp/hard\libgcc.a(_dvmd_tls.o)
 .ARM.attributes
                0x00000531       0x20 C:/ST/STM32CubeIDE_1.16.1/STM32CubeIDE/plugins/com.st.stm32cube.ide.mcu.externaltools.gnu-tools-for-stm32.12.3.rel1.win32_1.0.200.202406191623/tools/bin/../lib/gcc/arm-none-eabi/12.3.1/thumb/v7e-m+dp/hard/crtn.o
OUTPUT(mic_array.elf elf32-littlearm)
LOAD linker stubs
LOAD C:/ST/STM32CubeIDE_1.16.1/STM32CubeIDE/plugins/com.st.stm32cube.ide.mcu.externaltools.gnu-tools-for-stm32.12.3.rel1.win32_1.0.200.202406191623/tools/bin/../lib/gcc/arm-none-eabi/12.3.1/../../../../arm-none-eabi/lib/thumb/v7e-m+dp/hard\libc.a
LOAD C:/ST/STM32CubeIDE_1.16.1/STM32CubeIDE/plugins/com.st.stm32cube.ide.mcu.externaltools.gnu-tools-for-stm32.12.3.rel1.win32_1.0.200.202406191623/tools/bin/../lib/gcc/arm-none-eabi/12.3.1/../../../../arm-none-eabi/lib/thumb/v7e-m+dp/hard\libm.a
LOAD C:/ST/STM32CubeIDE_1.16.1/STM32CubeIDE/plugins/com.st.stm32cube.ide.mcu.externaltools.gnu-tools-for-stm32.12.3.rel1.win32_1.0.200.202406191623/tools/bin/../lib/gcc/arm-none-eabi/12.3.1/thumb/v7e-m+dp/hard\libgcc.a

.debug_info     0x00000000    0x1dfb8
 .debug_info    0x00000000     0x300a ./Core/Src/main.o
 .debug_info    0x0000300a     0x2798 ./Core/Src/stm32h7xx_hal_msp.o
 .debug_info    0x000057a2     0x108e ./Core/Src/stm32h7xx_hal_timebase_tim.o
 .debug_info    0x00006830      0x83f ./Core/Src/stm32h7xx_it.o
 .debug_info    0x0000706f      0xb2e ./Core/Src/system_stm32h7xx.o
 .debug_info    0x00007b9d       0x30 ./Core/Startup/startup_stm32h723zgtx.o
 .debug_info    0x00007bcd      0x935 ./Core/sk9822.o
 .debug_info    0x00008502     0x1698 ./Drivers/STM32H7xx_HAL_Driver/Src/stm32h7xx_hal.o
 .debug_info    0x00009b9a     0x10a0 ./Drivers/STM32H7xx_HAL_Driver/Src/stm32h7xx_hal_cortex.o
 .debug_info    0x0000ac3a      0xb67 ./Drivers/STM32H7xx_HAL_Driver/Src/stm32h7xx_hal_dma.o
 .debug_info    0x0000b7a1     0x2a22 ./Drivers/STM32H7xx_HAL_Driver/Src/stm32h7xx_hal_eth.o
 .debug_info    0x0000e1c3      0xc5c ./Drivers/STM32H7xx_HAL_Driver/Src/stm32h7xx_hal_gpio.o
 .debug_info    0x0000ee1f     0x10e5 ./Drivers/STM32H7xx_HAL_Driver/Src/stm32h7xx_hal_i2s.o
 .debug_info    0x0000ff04      0xdc4 ./Drivers/STM32H7xx_HAL_Driver/Src/stm32h7xx_hal_pwr_ex.o
 .debug_info    0x00010cc8      0xd73 ./Drivers/STM32H7xx_HAL_Driver/Src/stm32h7xx_hal_rcc.o
 .debug_info    0x00011a3b     0x11fc ./Drivers/STM32H7xx_HAL_Driver/Src/stm32h7xx_hal_rcc_ex.o
 .debug_info    0x00012c37     0x1440 ./Drivers/STM32H7xx_HAL_Driver/Src/stm32h7xx_hal_spi.o
 .debug_info    0x00014077     0x2bae ./Drivers/STM32H7xx_HAL_Driver/Src/stm32h7xx_hal_tim.o
 .debug_info    0x00016c25     0x18c1 ./Drivers/STM32H7xx_HAL_Driver/Src/stm32h7xx_hal_tim_ex.o
 .debug_info    0x000184e6     0x4b13 ./Drivers/STM32H7xx_HAL_Driver/Src/stm32h7xx_hal_uart.o
 .debug_info    0x0001cff9      0xfbf ./Drivers/STM32H7xx_HAL_Driver/Src/stm32h7xx_hal_uart_ex.o

.debug_abbrev   0x00000000     0x31ca
 .debug_abbrev  0x00000000      0x35b ./Core/Src/main.o
 .debug_abbrev  0x0000035b      0x26f ./Core/Src/stm32h7xx_hal_msp.o
 .debug_abbrev  0x000005ca      0x212 ./Core/Src/stm32h7xx_hal_timebase_tim.o
 .debug_abbrev  0x000007dc      0x17f ./Core/Src/stm32h7xx_it.o
 .debug_abbrev  0x0000095b      0x13a ./Core/Src/system_stm32h7xx.o
 .debug_abbrev  0x00000a95       0x24 ./Core/Startup/startup_stm32h723zgtx.o
 .debug_abbrev  0x00000ab9      0x1ef ./Core/sk9822.o
 .debug_abbrev  0x00000ca8      0x29e ./Drivers/STM32H7xx_HAL_Driver/Src/stm32h7xx_hal.o
 .debug_abbrev  0x00000f46      0x339 ./Drivers/STM32H7xx_HAL_Driver/Src/stm32h7xx_hal_cortex.o
 .debug_abbrev  0x0000127f      0x248 ./Drivers/STM32H7xx_HAL_Driver/Src/stm32h7xx_hal_dma.o
 .debug_abbrev  0x000014c7      0x347 ./Drivers/STM32H7xx_HAL_Driver/Src/stm32h7xx_hal_eth.o
 .debug_abbrev  0x0000180e      0x1fe ./Drivers/STM32H7xx_HAL_Driver/Src/stm32h7xx_hal_gpio.o
 .debug_abbrev  0x00001a0c      0x243 ./Drivers/STM32H7xx_HAL_Driver/Src/stm32h7xx_hal_i2s.o
 .debug_abbrev  0x00001c4f      0x295 ./Drivers/STM32H7xx_HAL_Driver/Src/stm32h7xx_hal_pwr_ex.o
 .debug_abbrev  0x00001ee4      0x2b1 ./Drivers/STM32H7xx_HAL_Driver/Src/stm32h7xx_hal_rcc.o
 .debug_abbrev  0x00002195      0x269 ./Drivers/STM32H7xx_HAL_Driver/Src/stm32h7xx_hal_rcc_ex.o
 .debug_abbrev  0x000023fe      0x2b1 ./Drivers/STM32H7xx_HAL_Driver/Src/stm32h7xx_hal_spi.o
 .debug_abbrev  0x000026af      0x276 ./Drivers/STM32H7xx_HAL_Driver/Src/stm32h7xx_hal_tim.o
 .debug_abbrev  0x00002925      0x296 ./Drivers/STM32H7xx_HAL_Driver/Src/stm32h7xx_hal_tim_ex.o
 .debug_abbrev  0x00002bbb      0x33d ./Drivers/STM32H7xx_HAL_Driver/Src/stm32h7xx_hal_uart.o
 .debug_abbrev  0x00002ef8      0x2d2 ./Drivers/STM32H7xx_HAL_Driver/Src/stm32h7xx_hal_uart_ex.o

.debug_aranges  0x00000000     0x15e8
 .debug_aranges
                0x00000000       0x80 ./Core/Src/main.o
 .debug_aranges
                0x00000080       0x60 ./Core/Src/stm32h7xx_hal_msp.o
 .debug_aranges
                0x000000e0       0x30 ./Core/Src/stm32h7xx_hal_timebase_tim.o
 .debug_aranges
                0x00000110       0x70 ./Core/Src/stm32h7xx_it.o
 .debug_aranges
                0x00000180       0x28 ./Core/Src/system_stm32h7xx.o
 .debug_aranges
                0x000001a8       0x28 ./Core/Startup/startup_stm32h723zgtx.o
 .debug_aranges
                0x000001d0       0x30 ./Core/sk9822.o
 .debug_aranges
                0x00000200      0x1c8 ./Drivers/STM32H7xx_HAL_Driver/Src/stm32h7xx_hal.o
 .debug_aranges
                0x000003c8      0x130 ./Drivers/STM32H7xx_HAL_Driver/Src/stm32h7xx_hal_cortex.o
 .debug_aranges
                0x000004f8       0xa0 ./Drivers/STM32H7xx_HAL_Driver/Src/stm32h7xx_hal_dma.o
 .debug_aranges
                0x00000598      0x1d8 ./Drivers/STM32H7xx_HAL_Driver/Src/stm32h7xx_hal_eth.o
 .debug_aranges
                0x00000770       0x58 ./Drivers/STM32H7xx_HAL_Driver/Src/stm32h7xx_hal_gpio.o
 .debug_aranges
                0x000007c8      0x148 ./Drivers/STM32H7xx_HAL_Driver/Src/stm32h7xx_hal_i2s.o
 .debug_aranges
                0x00000910      0x148 ./Drivers/STM32H7xx_HAL_Driver/Src/stm32h7xx_hal_pwr_ex.o
 .debug_aranges
                0x00000a58       0x88 ./Drivers/STM32H7xx_HAL_Driver/Src/stm32h7xx_hal_rcc.o
 .debug_aranges
                0x00000ae0       0xf8 ./Drivers/STM32H7xx_HAL_Driver/Src/stm32h7xx_hal_rcc_ex.o
 .debug_aranges
                0x00000bd8      0x1a8 ./Drivers/STM32H7xx_HAL_Driver/Src/stm32h7xx_hal_spi.o
 .debug_aranges
                0x00000d80      0x3e0 ./Drivers/STM32H7xx_HAL_Driver/Src/stm32h7xx_hal_tim.o
 .debug_aranges
                0x00001160      0x198 ./Drivers/STM32H7xx_HAL_Driver/Src/stm32h7xx_hal_tim_ex.o
 .debug_aranges
                0x000012f8      0x248 ./Drivers/STM32H7xx_HAL_Driver/Src/stm32h7xx_hal_uart.o
 .debug_aranges
                0x00001540       0xa8 ./Drivers/STM32H7xx_HAL_Driver/Src/stm32h7xx_hal_uart_ex.o

.debug_rnglists
                0x00000000     0x112d
 .debug_rnglists
                0x00000000       0x61 ./Core/Src/main.o
 .debug_rnglists
                0x00000061       0x49 ./Core/Src/stm32h7xx_hal_msp.o
 .debug_rnglists
                0x000000aa       0x20 ./Core/Src/stm32h7xx_hal_timebase_tim.o
 .debug_rnglists
                0x000000ca       0x4f ./Core/Src/stm32h7xx_it.o
 .debug_rnglists
                0x00000119       0x1b ./Core/Src/system_stm32h7xx.o
 .debug_rnglists
                0x00000134       0x19 ./Core/Startup/startup_stm32h723zgtx.o
 .debug_rnglists
                0x0000014d       0x20 ./Core/sk9822.o
 .debug_rnglists
                0x0000016d      0x155 ./Drivers/STM32H7xx_HAL_Driver/Src/stm32h7xx_hal.o
 .debug_rnglists
                0x000002c2       0xe0 ./Drivers/STM32H7xx_HAL_Driver/Src/stm32h7xx_hal_cortex.o
 .debug_rnglists
                0x000003a2       0x82 ./Drivers/STM32H7xx_HAL_Driver/Src/stm32h7xx_hal_dma.o
 .debug_rnglists
                0x00000424      0x176 ./Drivers/STM32H7xx_HAL_Driver/Src/stm32h7xx_hal_eth.o
 .debug_rnglists
                0x0000059a       0x3f ./Drivers/STM32H7xx_HAL_Driver/Src/stm32h7xx_hal_gpio.o
 .debug_rnglists
                0x000005d9      0x101 ./Drivers/STM32H7xx_HAL_Driver/Src/stm32h7xx_hal_i2s.o
 .debug_rnglists
                0x000006da       0xf5 ./Drivers/STM32H7xx_HAL_Driver/Src/stm32h7xx_hal_pwr_ex.o
 .debug_rnglists
                0x000007cf       0x68 ./Drivers/STM32H7xx_HAL_Driver/Src/stm32h7xx_hal_rcc.o
 .debug_rnglists
                0x00000837       0xc0 ./Drivers/STM32H7xx_HAL_Driver/Src/stm32h7xx_hal_rcc_ex.o
 .debug_rnglists
                0x000008f7      0x148 ./Drivers/STM32H7xx_HAL_Driver/Src/stm32h7xx_hal_spi.o
 .debug_rnglists
                0x00000a3f      0x328 ./Drivers/STM32H7xx_HAL_Driver/Src/stm32h7xx_hal_tim.o
 .debug_rnglists
                0x00000d67      0x14d ./Drivers/STM32H7xx_HAL_Driver/Src/stm32h7xx_hal_tim_ex.o
 .debug_rnglists
                0x00000eb4      0x1fa ./Drivers/STM32H7xx_HAL_Driver/Src/stm32h7xx_hal_uart.o
 .debug_rnglists
                0x000010ae       0x7f ./Drivers/STM32H7xx_HAL_Driver/Src/stm32h7xx_hal_uart_ex.o

.debug_macro    0x00000000    0x34fd6
 .debug_macro   0x00000000      0x328 ./Core/Src/main.o
 .debug_macro   0x00000328      0xad2 ./Core/Src/main.o
 .debug_macro   0x00000dfa      0x24a ./Core/Src/main.o
 .debug_macro   0x00001044       0x2e ./Core/Src/main.o
 .debug_macro   0x00001072       0x3b ./Core/Src/main.o
 .debug_macro   0x000010ad       0x22 ./Core/Src/main.o
 .debug_macro   0x000010cf       0x8e ./Core/Src/main.o
 .debug_macro   0x0000115d       0x51 ./Core/Src/main.o
 .debug_macro   0x000011ae      0x103 ./Core/Src/main.o
 .debug_macro   0x000012b1       0x6a ./Core/Src/main.o
 .debug_macro   0x0000131b      0x1df ./Core/Src/main.o
 .debug_macro   0x000014fa       0x1c ./Core/Src/main.o
 .debug_macro   0x00001516       0x22 ./Core/Src/main.o
 .debug_macro   0x00001538       0xfb ./Core/Src/main.o
 .debug_macro   0x00001633     0x1305 ./Core/Src/main.o
 .debug_macro   0x00002938      0x11f ./Core/Src/main.o
 .debug_macro   0x00002a57       0x27 ./Core/Src/main.o
 .debug_macro   0x00002a7e    0x2127f ./Core/Src/main.o
 .debug_macro   0x00023cfd       0x6d ./Core/Src/main.o
 .debug_macro   0x00023d6a     0x3d64 ./Core/Src/main.o
 .debug_macro   0x00027ace      0x189 ./Core/Src/main.o
 .debug_macro   0x00027c57       0x61 ./Core/Src/main.o
 .debug_macro   0x00027cb8       0x29 ./Core/Src/main.o
 .debug_macro   0x00027ce1       0x43 ./Core/Src/main.o
 .debug_macro   0x00027d24       0x34 ./Core/Src/main.o
 .debug_macro   0x00027d58       0x16 ./Core/Src/main.o
 .debug_macro   0x00027d6e       0x43 ./Core/Src/main.o
 .debug_macro   0x00027db1       0x34 ./Core/Src/main.o
 .debug_macro   0x00027de5       0x10 ./Core/Src/main.o
 .debug_macro   0x00027df5       0x58 ./Core/Src/main.o
 .debug_macro   0x00027e4d       0x8e ./Core/Src/main.o
 .debug_macro   0x00027edb       0x1c ./Core/Src/main.o
 .debug_macro   0x00027ef7      0x177 ./Core/Src/main.o
 .debug_macro   0x0002806e      0x369 ./Core/Src/main.o
 .debug_macro   0x000283d7      0x19b ./Core/Src/main.o
 .debug_macro   0x00028572       0x5d ./Core/Src/main.o
 .debug_macro   0x000285cf     0x2462 ./Core/Src/main.o
 .debug_macro   0x0002aa31     0x1079 ./Core/Src/main.o
 .debug_macro   0x0002baaa      0x154 ./Core/Src/main.o
 .debug_macro   0x0002bbfe      0x114 ./Core/Src/main.o
 .debug_macro   0x0002bd12      0x3fc ./Core/Src/main.o
 .debug_macro   0x0002c10e       0xac ./Core/Src/main.o
 .debug_macro   0x0002c1ba      0x788 ./Core/Src/main.o
 .debug_macro   0x0002c942      0x228 ./Core/Src/main.o
 .debug_macro   0x0002cb6a       0x66 ./Core/Src/main.o
 .debug_macro   0x0002cbd0      0x3a6 ./Core/Src/main.o
 .debug_macro   0x0002cf76      0xa80 ./Core/Src/main.o
 .debug_macro   0x0002d9f6      0x129 ./Core/Src/main.o
 .debug_macro   0x0002db1f      0x3f9 ./Core/Src/main.o
 .debug_macro   0x0002df18      0x275 ./Core/Src/main.o
 .debug_macro   0x0002e18d      0x3ca ./Core/Src/main.o
 .debug_macro   0x0002e557      0x45c ./Core/Src/main.o
 .debug_macro   0x0002e9b3       0x3c ./Core/Src/main.o
 .debug_macro   0x0002e9ef       0x4a ./Core/Src/main.o
 .debug_macro   0x0002ea39      0x22c ./Core/Src/main.o
 .debug_macro   0x0002ec65       0x67 ./Core/Src/main.o
 .debug_macro   0x0002eccc       0xa5 ./Core/Src/main.o
 .debug_macro   0x0002ed71      0x25d ./Core/Src/main.o
 .debug_macro   0x0002efce      0x1c4 ./Core/Src/main.o
 .debug_macro   0x0002f192      0x22a ./Core/Src/main.o
 .debug_macro   0x0002f3bc       0x35 ./Core/Src/main.o
 .debug_macro   0x0002f3f1      0x5e4 ./Core/Src/main.o
 .debug_macro   0x0002f9d5       0xc1 ./Core/Src/main.o
 .debug_macro   0x0002fa96      0xb24 ./Core/Src/main.o
 .debug_macro   0x000305ba      0x29f ./Core/Src/main.o
 .debug_macro   0x00030859      0x693 ./Core/Src/main.o
 .debug_macro   0x00030eec       0xa6 ./Core/Src/main.o
 .debug_macro   0x00030f92      0x5e6 ./Core/Src/main.o
 .debug_macro   0x00031578      0x124 ./Core/Src/main.o
 .debug_macro   0x0003169c       0x16 ./Core/Src/main.o
 .debug_macro   0x000316b2       0x35 ./Core/Src/main.o
 .debug_macro   0x000316e7       0x20 ./Core/Src/main.o
 .debug_macro   0x00031707       0x10 ./Core/Src/main.o
 .debug_macro   0x00031717      0x2ef ./Core/Src/stm32h7xx_hal_msp.o
 .debug_macro   0x00031a06      0x2e0 ./Core/Src/stm32h7xx_hal_timebase_tim.o
 .debug_macro   0x00031ce6      0x2f9 ./Core/Src/stm32h7xx_it.o
 .debug_macro   0x00031fdf      0x2e0 ./Core/Src/system_stm32h7xx.o
 .debug_macro   0x000322bf      0x2f5 ./Core/sk9822.o
 .debug_macro   0x000325b4      0x30a ./Drivers/STM32H7xx_HAL_Driver/Src/stm32h7xx_hal.o
 .debug_macro   0x000328be      0x2e0 ./Drivers/STM32H7xx_HAL_Driver/Src/stm32h7xx_hal_cortex.o
 .debug_macro   0x00032b9e      0x334 ./Drivers/STM32H7xx_HAL_Driver/Src/stm32h7xx_hal_dma.o
 .debug_macro   0x00032ed2      0x374 ./Drivers/STM32H7xx_HAL_Driver/Src/stm32h7xx_hal_eth.o
 .debug_macro   0x00033246      0x2e7 ./Drivers/STM32H7xx_HAL_Driver/Src/stm32h7xx_hal_gpio.o
 .debug_macro   0x0003352d      0x2e8 ./Drivers/STM32H7xx_HAL_Driver/Src/stm32h7xx_hal_i2s.o
 .debug_macro   0x00033815      0x319 ./Drivers/STM32H7xx_HAL_Driver/Src/stm32h7xx_hal_pwr_ex.o
 .debug_macro   0x00033b2e      0x304 ./Drivers/STM32H7xx_HAL_Driver/Src/stm32h7xx_hal_rcc.o
 .debug_macro   0x00033e32      0x2fe ./Drivers/STM32H7xx_HAL_Driver/Src/stm32h7xx_hal_rcc_ex.o
 .debug_macro   0x00034130      0x2e8 ./Drivers/STM32H7xx_HAL_Driver/Src/stm32h7xx_hal_spi.o
 .debug_macro   0x00034418      0x2e1 ./Drivers/STM32H7xx_HAL_Driver/Src/stm32h7xx_hal_tim.o
 .debug_macro   0x000346f9      0x2e6 ./Drivers/STM32H7xx_HAL_Driver/Src/stm32h7xx_hal_tim_ex.o
 .debug_macro   0x000349df      0x30b ./Drivers/STM32H7xx_HAL_Driver/Src/stm32h7xx_hal_uart.o
 .debug_macro   0x00034cea      0x2ec ./Drivers/STM32H7xx_HAL_Driver/Src/stm32h7xx_hal_uart_ex.o

.debug_line     0x00000000    0x1e319
 .debug_line    0x00000000      0xd06 ./Core/Src/main.o
 .debug_line    0x00000d06      0xbf7 ./Core/Src/stm32h7xx_hal_msp.o
 .debug_line    0x000018fd      0x9c6 ./Core/Src/stm32h7xx_hal_timebase_tim.o
 .debug_line    0x000022c3      0xa4b ./Core/Src/stm32h7xx_it.o
 .debug_line    0x00002d0e      0xb0e ./Core/Src/system_stm32h7xx.o
 .debug_line    0x0000381c       0x7a ./Core/Startup/startup_stm32h723zgtx.o
 .debug_line    0x00003896      0x9dd ./Core/sk9822.o
 .debug_line    0x00004273      0xf9f ./Drivers/STM32H7xx_HAL_Driver/Src/stm32h7xx_hal.o
 .debug_line    0x00005212      0xf3d ./Drivers/STM32H7xx_HAL_Driver/Src/stm32h7xx_hal_cortex.o
 .debug_line    0x0000614f     0x2874 ./Drivers/STM32H7xx_HAL_Driver/Src/stm32h7xx_hal_dma.o
 .debug_line    0x000089c3     0x1ca7 ./Drivers/STM32H7xx_HAL_Driver/Src/stm32h7xx_hal_eth.o
 .debug_line    0x0000a66a      0xdd2 ./Drivers/STM32H7xx_HAL_Driver/Src/stm32h7xx_hal_gpio.o
 .debug_line    0x0000b43c     0x1911 ./Drivers/STM32H7xx_HAL_Driver/Src/stm32h7xx_hal_i2s.o
 .debug_line    0x0000cd4d      0xf8c ./Drivers/STM32H7xx_HAL_Driver/Src/stm32h7xx_hal_pwr_ex.o
 .debug_line    0x0000dcd9     0x1435 ./Drivers/STM32H7xx_HAL_Driver/Src/stm32h7xx_hal_rcc.o
 .debug_line    0x0000f10e     0x1d04 ./Drivers/STM32H7xx_HAL_Driver/Src/stm32h7xx_hal_rcc_ex.o
 .debug_line    0x00010e12     0x242e ./Drivers/STM32H7xx_HAL_Driver/Src/stm32h7xx_hal_spi.o
 .debug_line    0x00013240     0x4130 ./Drivers/STM32H7xx_HAL_Driver/Src/stm32h7xx_hal_tim.o
 .debug_line    0x00017370     0x2002 ./Drivers/STM32H7xx_HAL_Driver/Src/stm32h7xx_hal_tim_ex.o
 .debug_line    0x00019372     0x3ffb ./Drivers/STM32H7xx_HAL_Driver/Src/stm32h7xx_hal_uart.o
 .debug_line    0x0001d36d      0xfac ./Drivers/STM32H7xx_HAL_Driver/Src/stm32h7xx_hal_uart_ex.o

.debug_str      0x00000000   0x157e94
 .debug_str     0x00000000   0x1516c3 ./Core/Src/main.o
                             0x151d85 (size before relaxing)
 .debug_str     0x001516c3      0x3fc ./Core/Src/stm32h7xx_hal_msp.o
                             0x1510fa (size before relaxing)
 .debug_str     0x00151abf       0xf7 ./Core/Src/stm32h7xx_hal_timebase_tim.o
                             0x1504fb (size before relaxing)
 .debug_str     0x00151bb6       0xfb ./Core/Src/stm32h7xx_it.o
                             0x14fef9 (size before relaxing)
 .debug_str     0x00151cb1      0x29a ./Core/Src/system_stm32h7xx.o
                             0x14f7dd (size before relaxing)
 .debug_str     0x00151f4b       0x44 ./Core/Startup/startup_stm32h723zgtx.o
                                 0x73 (size before relaxing)
 .debug_str     0x00151f8f       0xba ./Core/sk9822.o
                             0x14fa2e (size before relaxing)
 .debug_str     0x00152049      0x95f ./Drivers/STM32H7xx_HAL_Driver/Src/stm32h7xx_hal.o
                             0x150867 (size before relaxing)
 .debug_str     0x001529a8      0x378 ./Drivers/STM32H7xx_HAL_Driver/Src/stm32h7xx_hal_cortex.o
                             0x150181 (size before relaxing)
 .debug_str     0x00152d20      0x89f ./Drivers/STM32H7xx_HAL_Driver/Src/stm32h7xx_hal_dma.o
                             0x14ff92 (size before relaxing)
 .debug_str     0x001535bf     0x103b ./Drivers/STM32H7xx_HAL_Driver/Src/stm32h7xx_hal_eth.o
                             0x1510f6 (size before relaxing)
 .debug_str     0x001545fa       0xec ./Drivers/STM32H7xx_HAL_Driver/Src/stm32h7xx_hal_gpio.o
                             0x14f828 (size before relaxing)
 .debug_str     0x001546e6      0x3e8 ./Drivers/STM32H7xx_HAL_Driver/Src/stm32h7xx_hal_i2s.o
                             0x14fcdf (size before relaxing)
 .debug_str     0x00154ace      0x5e7 ./Drivers/STM32H7xx_HAL_Driver/Src/stm32h7xx_hal_pwr_ex.o
                             0x14fc30 (size before relaxing)
 .debug_str     0x001550b5      0x1e4 ./Drivers/STM32H7xx_HAL_Driver/Src/stm32h7xx_hal_rcc.o
                             0x14fbab (size before relaxing)
 .debug_str     0x00155299      0x630 ./Drivers/STM32H7xx_HAL_Driver/Src/stm32h7xx_hal_rcc_ex.o
                             0x1500c3 (size before relaxing)
 .debug_str     0x001558c9      0x4c8 ./Drivers/STM32H7xx_HAL_Driver/Src/stm32h7xx_hal_spi.o
                             0x14ff2e (size before relaxing)
 .debug_str     0x00155d91      0xe50 ./Drivers/STM32H7xx_HAL_Driver/Src/stm32h7xx_hal_tim.o
                             0x1509a9 (size before relaxing)
 .debug_str     0x00156be1      0x684 ./Drivers/STM32H7xx_HAL_Driver/Src/stm32h7xx_hal_tim_ex.o
                             0x150356 (size before relaxing)
 .debug_str     0x00157265      0x9d5 ./Drivers/STM32H7xx_HAL_Driver/Src/stm32h7xx_hal_uart.o
                             0x15074b (size before relaxing)
 .debug_str     0x00157c3a      0x25a ./Drivers/STM32H7xx_HAL_Driver/Src/stm32h7xx_hal_uart_ex.o
                             0x14fd0b (size before relaxing)

.comment        0x00000000       0x43
 .comment       0x00000000       0x43 ./Core/Src/main.o
                                 0x44 (size before relaxing)
 .comment       0x00000043       0x44 ./Core/Src/stm32h7xx_hal_msp.o
 .comment       0x00000043       0x44 ./Core/Src/stm32h7xx_hal_timebase_tim.o
 .comment       0x00000043       0x44 ./Core/Src/stm32h7xx_it.o
 .comment       0x00000043       0x44 ./Core/Src/system_stm32h7xx.o
 .comment       0x00000043       0x44 ./Core/sk9822.o
 .comment       0x00000043       0x44 ./Drivers/STM32H7xx_HAL_Driver/Src/stm32h7xx_hal.o
 .comment       0x00000043       0x44 ./Drivers/STM32H7xx_HAL_Driver/Src/stm32h7xx_hal_cortex.o
 .comment       0x00000043       0x44 ./Drivers/STM32H7xx_HAL_Driver/Src/stm32h7xx_hal_dma.o
 .comment       0x00000043       0x44 ./Drivers/STM32H7xx_HAL_Driver/Src/stm32h7xx_hal_eth.o
 .comment       0x00000043       0x44 ./Drivers/STM32H7xx_HAL_Driver/Src/stm32h7xx_hal_gpio.o
 .comment       0x00000043       0x44 ./Drivers/STM32H7xx_HAL_Driver/Src/stm32h7xx_hal_i2s.o
 .comment       0x00000043       0x44 ./Drivers/STM32H7xx_HAL_Driver/Src/stm32h7xx_hal_pwr_ex.o
 .comment       0x00000043       0x44 ./Drivers/STM32H7xx_HAL_Driver/Src/stm32h7xx_hal_rcc.o
 .comment       0x00000043       0x44 ./Drivers/STM32H7xx_HAL_Driver/Src/stm32h7xx_hal_rcc_ex.o
 .comment       0x00000043       0x44 ./Drivers/STM32H7xx_HAL_Driver/Src/stm32h7xx_hal_spi.o
 .comment       0x00000043       0x44 ./Drivers/STM32H7xx_HAL_Driver/Src/stm32h7xx_hal_tim.o
 .comment       0x00000043       0x44 ./Drivers/STM32H7xx_HAL_Driver/Src/stm32h7xx_hal_tim_ex.o
 .comment       0x00000043       0x44 ./Drivers/STM32H7xx_HAL_Driver/Src/stm32h7xx_hal_uart.o
 .comment       0x00000043       0x44 ./Drivers/STM32H7xx_HAL_Driver/Src/stm32h7xx_hal_uart_ex.o

.debug_frame    0x00000000     0x5e70
 .debug_frame   0x00000000      0x1a0 ./Core/Src/main.o
 .debug_frame   0x000001a0      0x164 ./Core/Src/stm32h7xx_hal_msp.o
 .debug_frame   0x00000304       0x74 ./Core/Src/stm32h7xx_hal_timebase_tim.o
 .debug_frame   0x00000378      0x140 ./Core/Src/stm32h7xx_it.o
 .debug_frame   0x000004b8       0x58 ./Core/Src/system_stm32h7xx.o
 .debug_frame   0x00000510       0x78 ./Core/sk9822.o
 .debug_frame   0x00000588      0x760 ./Drivers/STM32H7xx_HAL_Driver/Src/stm32h7xx_hal.o
 .debug_frame   0x00000ce8      0x508 ./Drivers/STM32H7xx_HAL_Driver/Src/stm32h7xx_hal_cortex.o
 .debug_frame   0x000011f0      0x2b4 ./Drivers/STM32H7xx_HAL_Driver/Src/stm32h7xx_hal_dma.o
 .debug_frame   0x000014a4      0x894 ./Drivers/STM32H7xx_HAL_Driver/Src/stm32h7xx_hal_eth.o
 .debug_frame   0x00001d38      0x14c ./Drivers/STM32H7xx_HAL_Driver/Src/stm32h7xx_hal_gpio.o
 .debug_frame   0x00001e84      0x5b4 ./Drivers/STM32H7xx_HAL_Driver/Src/stm32h7xx_hal_i2s.o
 .debug_frame   0x00002438      0x540 ./Drivers/STM32H7xx_HAL_Driver/Src/stm32h7xx_hal_pwr_ex.o
 .debug_frame   0x00002978      0x1fc ./Drivers/STM32H7xx_HAL_Driver/Src/stm32h7xx_hal_rcc.o
 .debug_frame   0x00002b74      0x414 ./Drivers/STM32H7xx_HAL_Driver/Src/stm32h7xx_hal_rcc_ex.o
 .debug_frame   0x00002f88      0x7a8 ./Drivers/STM32H7xx_HAL_Driver/Src/stm32h7xx_hal_spi.o
 .debug_frame   0x00003730     0x121c ./Drivers/STM32H7xx_HAL_Driver/Src/stm32h7xx_hal_tim.o
 .debug_frame   0x0000494c      0x724 ./Drivers/STM32H7xx_HAL_Driver/Src/stm32h7xx_hal_tim_ex.o
 .debug_frame   0x00005070      0xa94 ./Drivers/STM32H7xx_HAL_Driver/Src/stm32h7xx_hal_uart.o
 .debug_frame   0x00005b04      0x2c0 ./Drivers/STM32H7xx_HAL_Driver/Src/stm32h7xx_hal_uart_ex.o
 .debug_frame   0x00005dc4       0x20 C:/ST/STM32CubeIDE_1.16.1/STM32CubeIDE/plugins/com.st.stm32cube.ide.mcu.externaltools.gnu-tools-for-stm32.12.3.rel1.win32_1.0.200.202406191623/tools/bin/../lib/gcc/arm-none-eabi/12.3.1/../../../../arm-none-eabi/lib/thumb/v7e-m+dp/hard\libc_nano.a(libc_a-memset.o)
 .debug_frame   0x00005de4       0x2c C:/ST/STM32CubeIDE_1.16.1/STM32CubeIDE/plugins/com.st.stm32cube.ide.mcu.externaltools.gnu-tools-for-stm32.12.3.rel1.win32_1.0.200.202406191623/tools/bin/../lib/gcc/arm-none-eabi/12.3.1/../../../../arm-none-eabi/lib/thumb/v7e-m+dp/hard\libc_nano.a(libc_a-init.o)
 .debug_frame   0x00005e10       0x2c C:/ST/STM32CubeIDE_1.16.1/STM32CubeIDE/plugins/com.st.stm32cube.ide.mcu.externaltools.gnu-tools-for-stm32.12.3.rel1.win32_1.0.200.202406191623/tools/bin/../lib/gcc/arm-none-eabi/12.3.1/thumb/v7e-m+dp/hard\libgcc.a(_aeabi_uldivmod.o)
 .debug_frame   0x00005e3c       0x34 C:/ST/STM32CubeIDE_1.16.1/STM32CubeIDE/plugins/com.st.stm32cube.ide.mcu.externaltools.gnu-tools-for-stm32.12.3.rel1.win32_1.0.200.202406191623/tools/bin/../lib/gcc/arm-none-eabi/12.3.1/thumb/v7e-m+dp/hard\libgcc.a(_udivmoddi4.o)

.debug_line_str
                0x00000000       0x57
 .debug_line_str
                0x00000000       0x57 ./Core/Startup/startup_stm32h723zgtx.o
